Component: ARM Compiler 5.06 update 4 (build 422) Tool: armlink [4d35d2]

==============================================================================

Section Cross References

    startup_stm32f427xx.o(STACK) refers (Special) to heapauxi.o(.text) for __use_two_region_memory
    startup_stm32f427xx.o(HEAP) refers (Special) to heapauxi.o(.text) for __use_two_region_memory
    startup_stm32f427xx.o(RESET) refers (Special) to heapauxi.o(.text) for __use_two_region_memory
    startup_stm32f427xx.o(RESET) refers to startup_stm32f427xx.o(STACK) for __initial_sp
    startup_stm32f427xx.o(RESET) refers to startup_stm32f427xx.o(.text) for Reset_Handler
    startup_stm32f427xx.o(RESET) refers to stm32f4xx_it.o(i.NMI_Handler) for NMI_Handler
    startup_stm32f427xx.o(RESET) refers to stm32f4xx_it.o(i.HardFault_Handler) for HardFault_Handler
    startup_stm32f427xx.o(RESET) refers to stm32f4xx_it.o(i.MemManage_Handler) for MemManage_Handler
    startup_stm32f427xx.o(RESET) refers to stm32f4xx_it.o(i.BusFault_Handler) for BusFault_Handler
    startup_stm32f427xx.o(RESET) refers to stm32f4xx_it.o(i.UsageFault_Handler) for UsageFault_Handler
    startup_stm32f427xx.o(RESET) refers to stm32f4xx_it.o(i.SVC_Handler) for SVC_Handler
    startup_stm32f427xx.o(RESET) refers to stm32f4xx_it.o(i.DebugMon_Handler) for DebugMon_Handler
    startup_stm32f427xx.o(RESET) refers to stm32f4xx_it.o(i.PendSV_Handler) for PendSV_Handler
    startup_stm32f427xx.o(RESET) refers to stm32f4xx_it.o(i.SysTick_Handler) for SysTick_Handler
    startup_stm32f427xx.o(RESET) refers to stm32f4xx_it.o(i.DMA1_Stream6_IRQHandler) for DMA1_Stream6_IRQHandler
    startup_stm32f427xx.o(RESET) refers to stm32f4xx_it.o(i.CAN1_RX0_IRQHandler) for CAN1_RX0_IRQHandler
    startup_stm32f427xx.o(RESET) refers to stm32f4xx_it.o(i.TIM2_IRQHandler) for TIM2_IRQHandler
    startup_stm32f427xx.o(RESET) refers to stm32f4xx_it.o(i.TIM3_IRQHandler) for TIM3_IRQHandler
    startup_stm32f427xx.o(RESET) refers to stm32f4xx_it.o(i.USART1_IRQHandler) for USART1_IRQHandler
    startup_stm32f427xx.o(RESET) refers to stm32f4xx_it.o(i.DMA2_Stream1_IRQHandler) for DMA2_Stream1_IRQHandler
    startup_stm32f427xx.o(RESET) refers to stm32f4xx_it.o(i.DMA2_Stream2_IRQHandler) for DMA2_Stream2_IRQHandler
    startup_stm32f427xx.o(RESET) refers to stm32f4xx_it.o(i.CAN2_RX0_IRQHandler) for CAN2_RX0_IRQHandler
    startup_stm32f427xx.o(RESET) refers to stm32f4xx_it.o(i.USART6_IRQHandler) for USART6_IRQHandler
    startup_stm32f427xx.o(RESET) refers to stm32f4xx_it.o(i.UART8_IRQHandler) for UART8_IRQHandler
    startup_stm32f427xx.o(.text) refers (Special) to heapauxi.o(.text) for __use_two_region_memory
    startup_stm32f427xx.o(.text) refers to system_stm32f4xx.o(i.SystemInit) for SystemInit
    startup_stm32f427xx.o(.text) refers to __main.o(!!!main) for __main
    startup_stm32f427xx.o(.text) refers to startup_stm32f427xx.o(HEAP) for Heap_Mem
    startup_stm32f427xx.o(.text) refers to startup_stm32f427xx.o(STACK) for Stack_Mem
    main.o(i.SystemClock_Config) refers to rt_memclr_w.o(.text) for __aeabi_memclr4
    main.o(i.SystemClock_Config) refers to stm32f4xx_hal_rcc.o(i.HAL_RCC_OscConfig) for HAL_RCC_OscConfig
    main.o(i.SystemClock_Config) refers to stm32f4xx_hal_rcc.o(i.HAL_RCC_ClockConfig) for HAL_RCC_ClockConfig
    main.o(i.main) refers to stm32f4xx_hal.o(i.HAL_Init) for HAL_Init
    main.o(i.main) refers to main.o(i.SystemClock_Config) for SystemClock_Config
    main.o(i.main) refers to gpio.o(i.MX_GPIO_Init) for MX_GPIO_Init
    main.o(i.main) refers to dma.o(i.MX_DMA_Init) for MX_DMA_Init
    main.o(i.main) refers to can.o(i.MX_CAN1_Init) for MX_CAN1_Init
    main.o(i.main) refers to usart.o(i.MX_USART1_UART_Init) for MX_USART1_UART_Init
    main.o(i.main) refers to tim.o(i.MX_TIM2_Init) for MX_TIM2_Init
    main.o(i.main) refers to can.o(i.MX_CAN2_Init) for MX_CAN2_Init
    main.o(i.main) refers to tim.o(i.MX_TIM3_Init) for MX_TIM3_Init
    main.o(i.main) refers to usart.o(i.MX_UART8_Init) for MX_UART8_Init
    main.o(i.main) refers to usart.o(i.MX_USART6_UART_Init) for MX_USART6_UART_Init
    main.o(i.main) refers to tim.o(i.MX_TIM5_Init) for MX_TIM5_Init
    main.o(i.main) refers to stm32f4xx_hal_can.o(i.HAL_CAN_Start) for HAL_CAN_Start
    main.o(i.main) refers to stm32f4xx_hal_tim.o(i.HAL_TIM_Base_Start_IT) for HAL_TIM_Base_Start_IT
    main.o(i.main) refers to remote_control.o(i.Remote_Control_Init) for Remote_Control_Init
    main.o(i.main) refers to moto.o(i.Moto_Init) for Moto_Init
    main.o(i.main) refers to joint.o(i.Joint_Init) for Joint_Init
    main.o(i.main) refers to gyroscope.o(i.Gyro1_Init) for Gyro1_Init
    main.o(i.main) refers to gyroscope.o(i.Gyro2_Init) for Gyro2_Init
    main.o(i.main) refers to stm32f4xx_hal_tim.o(i.HAL_TIM_PWM_Start) for HAL_TIM_PWM_Start
    main.o(i.main) refers to pid.o(i.All_Pid_Init) for All_Pid_Init
    main.o(i.main) refers to can.o(.bss) for hcan1
    main.o(i.main) refers to tim.o(.bss) for htim2
[...]
    UART_DMARxHalfCplt                       0x0800411d   Thumb Code    26  stm32f4xx_hal_uart.o(i.UART_DMARxHalfCplt)
    i.UART_EndRxTransfer                     0x08004136   Section        0  stm32f4xx_hal_uart.o(i.UART_EndRxTransfer)
    UART_EndRxTransfer                       0x08004137   Thumb Code    78  stm32f4xx_hal_uart.o(i.UART_EndRxTransfer)
    i.UART_EndTxTransfer                     0x08004184   Section        0  stm32f4xx_hal_uart.o(i.UART_EndTxTransfer)
    UART_EndTxTransfer                       0x08004185   Thumb Code    28  stm32f4xx_hal_uart.o(i.UART_EndTxTransfer)
    i.UART_Receive_IT                        0x080041a0   Section        0  stm32f4xx_hal_uart.o(i.UART_Receive_IT)
    UART_Receive_IT                          0x080041a1   Thumb Code   192  stm32f4xx_hal_uart.o(i.UART_Receive_IT)
    i.UART_SetConfig                         0x08004260   Section        0  stm32f4xx_hal_uart.o(i.UART_SetConfig)
    UART_SetConfig                           0x08004261   Thumb Code   258  stm32f4xx_hal_uart.o(i.UART_SetConfig)
    i.UART_Start_Receive_DMA                 0x0800436c   Section        0  stm32f4xx_hal_uart.o(i.UART_Start_Receive_DMA)
    i.USART1_IRQHandler                      0x080043fc   Section        0  stm32f4xx_it.o(i.USART1_IRQHandler)
    i.USART6_IRQHandler                      0x08004410   Section        0  stm32f4xx_it.o(i.USART6_IRQHandler)
    i.UsageFault_Handler                     0x08004424   Section        0  stm32f4xx_it.o(i.UsageFault_Handler)
    i.WZPid_Init                             0x08004426   Section        0  pid.o(i.WZPid_Init)
    i.ZLPid                                  0x08004438   Section        0  pid.o(i.ZLPid)
    i.ZLPid_Init                             0x080044da   Section        0  pid.o(i.ZLPid_Init)
    i.__ARM_fpclassify                       0x080044e8   Section        0  fpclassify.o(i.__ARM_fpclassify)
    i.__NVIC_SetPriority                     0x08004518   Section        0  stm32f4xx_hal_cortex.o(i.__NVIC_SetPriority)
    __NVIC_SetPriority                       0x08004519   Thumb Code    32  stm32f4xx_hal_cortex.o(i.__NVIC_SetPriority)
    i.__hardfp_acos                          0x08004538   Section        0  acos.o(i.__hardfp_acos)
    i.__hardfp_atan                          0x08004890   Section        0  atan.o(i.__hardfp_atan)
    i.__hardfp_atan2                         0x08004b68   Section        0  atan2.o(i.__hardfp_atan2)
    i.__hardfp_sqrt                          0x08004d58   Section        0  sqrt.o(i.__hardfp_sqrt)
    i.__kernel_poly                          0x08004dd2   Section        0  poly.o(i.__kernel_poly)
    i.__mathlib_dbl_infnan                   0x08004eca   Section        0  dunder.o(i.__mathlib_dbl_infnan)
    i.__mathlib_dbl_infnan2                  0x08004ede   Section        0  dunder.o(i.__mathlib_dbl_infnan2)
    i.__mathlib_dbl_invalid                  0x08004ef8   Section        0  dunder.o(i.__mathlib_dbl_invalid)
    i.__mathlib_dbl_underflow                0x08004f18   Section        0  dunder.o(i.__mathlib_dbl_underflow)
    i.atan                                   0x08004f38   Section        0  atan.o(i.atan)
    i.fabs                                   0x08004f48   Section        0  fabs.o(i.fabs)
    i.main                                   0x08004f60   Section        0  main.o(i.main)
    i.rotate                                 0x08004fe8   Section        0  clamping.o(i.rotate)
    i.rotate_limit                           0x08005014   Section        0  clamping.o(i.rotate_limit)
    i.sqrt                                   0x08005048   Section        0  sqrt.o(i.sqrt)
    i.synchronization                        0x080050b8   Section        0  joint.o(i.synchronization)
    x$fpl$basic                              0x080050e8   Section       24  basic.o(x$fpl$basic)
    $v0                                      0x080050e8   Number         0  basic.o(x$fpl$basic)
    x$fpl$d2f                                0x08005100   Section       98  d2f.o(x$fpl$d2f)
    $v0                                      0x08005100   Number         0  d2f.o(x$fpl$d2f)
    x$fpl$dadd                               0x08005164   Section      336  daddsub_clz.o(x$fpl$dadd)
    $v0                                      0x08005164   Number         0  daddsub_clz.o(x$fpl$dadd)
    _dadd1                                   0x08005175   Thumb Code     0  daddsub_clz.o(x$fpl$dadd)
    x$fpl$ddiv                               0x080052b4   Section      688  ddiv.o(x$fpl$ddiv)
    $v0                                      0x080052b4   Number         0  ddiv.o(x$fpl$ddiv)
    ddiv_entry                               0x080052bb   Thumb Code     0  ddiv.o(x$fpl$ddiv)
    x$fpl$dfix                               0x08005564   Section       94  dfix.o(x$fpl$dfix)
    $v0                                      0x08005564   Number         0  dfix.o(x$fpl$dfix)
    x$fpl$dflt                               0x080055c2   Section       46  dflt_clz.o(x$fpl$dflt)
    $v0                                      0x080055c2   Number         0  dflt_clz.o(x$fpl$dflt)
    x$fpl$dmul                               0x080055f0   Section      340  dmul.o(x$fpl$dmul)
    $v0                                      0x080055f0   Number         0  dmul.o(x$fpl$dmul)
    x$fpl$dnaninf                            0x08005744   Section      156  dnaninf.o(x$fpl$dnaninf)
    $v0                                      0x08005744   Number         0  dnaninf.o(x$fpl$dnaninf)
    x$fpl$dretinf                            0x080057e0   Section       12  dretinf.o(x$fpl$dretinf)
    $v0                                      0x080057e0   Number         0  dretinf.o(x$fpl$dretinf)
    x$fpl$drsb                               0x080057ec   Section       22  daddsub_clz.o(x$fpl$drsb)
    $v0                                      0x080057ec   Number         0  daddsub_clz.o(x$fpl$drsb)
    x$fpl$dsqrt                              0x08005804   Section      408  dsqrt_umaal.o(x$fpl$dsqrt)
    $v0                                      0x08005804   Number         0  dsqrt_umaal.o(x$fpl$dsqrt)
    x$fpl$dsub                               0x0800599c   Section      468  daddsub_clz.o(x$fpl$dsub)
    $v0                                      0x0800599c   Number         0  daddsub_clz.o(x$fpl$dsub)
    _dsub1                                   0x080059ad   Thumb Code     0  daddsub_clz.o(x$fpl$dsub)
    x$fpl$f2d                                0x08005b70   Section       86  f2d.o(x$fpl$f2d)
    $v0                                      0x08005b70   Number         0  f2d.o(x$fpl$f2d)
    x$fpl$fnaninf                            0x08005bc6   Section      140  fnaninf.o(x$fpl$fnaninf)
    $v0                                      0x08005bc6   Number         0  fnaninf.o(x$fpl$fnaninf)
    x$fpl$fpinit                             0x08005c52   Section       10  fpinit.o(x$fpl$fpinit)
    $v0                                      0x08005c52   Number         0  fpinit.o(x$fpl$fpinit)
    x$fpl$fretinf                            0x08005c5c   Section       10  fretinf.o(x$fpl$fretinf)
    $v0                                      0x08005c5c   Number         0  fretinf.o(x$fpl$fretinf)
    .constdata                               0x08005c66   Section        8  stm32f4xx_hal_dma.o(.constdata)
    x$fpl$usenofp                            0x08005c66   Section        0  usenofp.o(x$fpl$usenofp)
    flagBitshiftOffset                       0x08005c66   Data           8  stm32f4xx_hal_dma.o(.constdata)
    .constdata                               0x08005c6e   Section       16  system_stm32f4xx.o(.constdata)
    .constdata                               0x08005c7e   Section        8  system_stm32f4xx.o(.constdata)
    .constdata                               0x08005c88   Section       80  acos.o(.constdata)
    pS                                       0x08005c88   Data          48  acos.o(.constdata)
    qS                                       0x08005cb8   Data          32  acos.o(.constdata)
    .constdata                               0x08005cd8   Section      152  atan.o(.constdata)
    atanhi                                   0x08005cd8   Data          32  atan.o(.constdata)
    atanlo                                   0x08005cf8   Data          32  atan.o(.constdata)
    aTodd                                    0x08005d18   Data          40  atan.o(.constdata)
    aTeven                                   0x08005d40   Data          48  atan.o(.constdata)
    .constdata                               0x08005d70   Section        8  qnan.o(.constdata)
    .data                                    0x20000000   Section        4  can.o(.data)
    HAL_RCC_CAN1_CLK_ENABLED                 0x20000000   Data           4  can.o(.data)
    .data                                    0x20000004   Section        8  stm32f4xx_it.o(.data)
    .data                                    0x2000000c   Section       12  stm32f4xx_hal.o(.data)
    .data                                    0x20000018   Section        4  system_stm32f4xx.o(.data)
    .data                                    0x2000001c   Section        4  remote_control.o(.data)
    .data                                    0x20000020   Section       44  moto.o(.data)
    .data                                    0x2000004c   Section        8  output_data.o(.data)
    .data                                    0x20000054   Section        2  joint.o(.data)
    .data                                    0x20000058   Section        4  reset.o(.data)
    .data                                    0x2000005c   Section        8  protect.o(.data)
    .bss                                     0x20000064   Section       80  can.o(.bss)
    .bss                                     0x200000b4   Section      216  tim.o(.bss)
    .bss                                     0x2000018c   Section      492  usart.o(.bss)
    .bss                                     0x20000378   Section       90  remote_control.o(.bss)
    .bss                                     0x200003d4   Section      296  moto.o(.bss)
    .bss                                     0x200004fc   Section       68  gyroscope.o(.bss)
    .bss                                     0x20000540   Section       56  angle.o(.bss)
    .bss                                     0x20000578   Section      440  pid.o(.bss)
    .bss                                     0x20000730   Section       96  libspace.o(.bss)
    HEAP                                     0x20000790   Section      512  startup_stm32f427xx.o(HEAP)
    Heap_Mem                                 0x20000790   Data         512  startup_stm32f427xx.o(HEAP)
    STACK                                    0x20000990   Section     1024  startup_stm32f427xx.o(STACK)
    Stack_Mem                                0x20000990   Data        1024  startup_stm32f427xx.o(STACK)
    __initial_sp                             0x20000d90   Data           0  startup_stm32f427xx.o(STACK)

    Global Symbols

    Symbol Name                              Value     Ov Type        Size  Object(Section)

    BuildAttributes$$THM_ISAv4$E$P$D$K$B$S$7EM$VFPi3$EXTD16$VFPS$VFMA$PE$A:L22UL41UL21$X:L11$S22US41US21$IEEE1$IW$USESV6$~STKCKD$USESV7$~SHL$OTIME$ROPI$IEEEX$EBA8$UX$STANDARDLIB$REQ8$PRES8$EABIv2 0x00000000   Number         0  anon$$obj.o ABSOLUTE
    __ARM_use_no_argv                        0x00000000   Number         0  main.o ABSOLUTE
    __ARM_exceptions_init                     - Undefined Weak Reference
    __alloca_initialize                       - Undefined Weak Reference
    __arm_preinit_                            - Undefined Weak Reference
    __cpp_initialize__aeabi_                  - Undefined Weak Reference
    __cxa_finalize                            - Undefined Weak Reference
    __rt_locale                               - Undefined Weak Reference
    __sigvec_lookup                           - Undefined Weak Reference
    _atexit_init                              - Undefined Weak Reference
    _call_atexit_fns                          - Undefined Weak Reference
    _clock_init                               - Undefined Weak Reference
    _fp_trap_init                             - Undefined Weak Reference
    _fp_trap_shutdown                         - Undefined Weak Reference
    _get_lc_collate                           - Undefined Weak Reference
    _get_lc_ctype                             - Undefined Weak Reference
    _get_lc_monetary                          - Undefined Weak Reference
    _get_lc_numeric                           - Undefined Weak Reference
    _get_lc_time                              - Undefined Weak Reference
    _getenv_init                              - Undefined Weak Reference
    _handle_redirection                       - Undefined Weak Reference
    _init_alloc                               - Undefined Weak Reference
    _init_user_alloc                          - Undefined Weak Reference
    _initio                                   - Undefined Weak Reference
    _rand_init                                - Undefined Weak Reference
    _signal_finish                            - Undefined Weak Reference
    _signal_init                              - Undefined Weak Reference
    _terminate_alloc                          - Undefined Weak Reference
    _terminate_user_alloc                     - Undefined Weak Reference
    _terminateio                              - Undefined Weak Reference
    __Vectors_Size                           0x000001ac   Number         0  startup_stm32f427xx.o ABSOLUTE
    __Vectors                                0x08000000   Data           4  startup_stm32f427xx.o(RESET)
    __Vectors_End                            0x080001ac   Data           0  startup_stm32f427xx.o(RESET)
    __main                                   0x080001ad   Thumb Code     8  __main.o(!!!main)
    __scatterload                            0x080001b5   Thumb Code     0  __scatter.o(!!!scatter)
    __scatterload_rt2                        0x080001b5   Thumb Code    44  __scatter.o(!!!scatter)
    __scatterload_rt2_thumb_only             0x080001b5   Thumb Code     0  __scatter.o(!!!scatter)
    __scatterload_null                       0x080001c3   Thumb Code     0  __scatter.o(!!!scatter)
    __scatterload_copy                       0x080001e9   Thumb Code    26  __scatter_copy.o(!!handler_copy)
    __scatterload_zeroinit                   0x08000205   Thumb Code    28  __scatter_zi.o(!!handler_zi)
    __rt_lib_init                            0x08000221   Thumb Code     0  libinit.o(.ARM.Collect$$libinit$$00000000)
    __rt_lib_init_fp_1                       0x08000223   Thumb Code     0  libinit2.o(.ARM.Collect$$libinit$$00000001)
    __rt_lib_init_alloca_1                   0x08000227   Thumb Code     0  libinit2.o(.ARM.Collect$$libinit$$0000002E)
    __rt_lib_init_argv_1                     0x08000227   Thumb Code     0  libinit2.o(.ARM.Collect$$libinit$$0000002C)
    __rt_lib_init_atexit_1                   0x08000227   Thumb Code     0  libinit2.o(.ARM.Collect$$libinit$$0000001B)
    __rt_lib_init_clock_1                    0x08000227   Thumb Code     0  libinit2.o(.ARM.Collect$$libinit$$00000021)
    __rt_lib_init_cpp_1                      0x08000227   Thumb Code     0  libinit2.o(.ARM.Collect$$libinit$$00000032)
    __rt_lib_init_exceptions_1               0x08000227   Thumb Code     0  libinit2.o(.ARM.Collect$$libinit$$00000030)
    __rt_lib_init_fp_trap_1                  0x08000227   Thumb Code     0  libinit2.o(.ARM.Collect$$libinit$$0000001F)
    __rt_lib_init_getenv_1                   0x08000227   Thumb Code     0  libinit2.o(.ARM.Collect$$libinit$$00000023)
    __rt_lib_init_heap_1                     0x08000227   Thumb Code     0  libinit2.o(.ARM.Collect$$libinit$$0000000A)
    __rt_lib_init_lc_collate_1               0x08000227   Thumb Code     0  libinit2.o(.ARM.Collect$$libinit$$00000011)
    __rt_lib_init_lc_ctype_1                 0x08000227   Thumb Code     0  libinit2.o(.ARM.Collect$$libinit$$00000013)
    __rt_lib_init_lc_monetary_1              0x08000227   Thumb Code     0  libinit2.o(.ARM.Collect$$libinit$$00000015)
    __rt_lib_init_lc_numeric_1               0x08000227   Thumb Code     0  libinit2.o(.ARM.Collect$$libinit$$00000017)
    __rt_lib_init_lc_time_1                  0x08000227   Thumb Code     0  libinit2.o(.ARM.Collect$$libinit$$00000019)
    __rt_lib_init_preinit_1                  0x08000227   Thumb Code     0  libinit2.o(.ARM.Collect$$libinit$$00000004)
    __rt_lib_init_rand_1                     0x08000227   Thumb Code     0  libinit2.o(.ARM.Collect$$libinit$$0000000E)
    __rt_lib_init_return                     0x08000227   Thumb Code     0  libinit2.o(.ARM.Collect$$libinit$$00000033)
    __rt_lib_init_signal_1                   0x08000227   Thumb Code     0  libinit2.o(.ARM.Collect$$libinit$$0000001D)
    __rt_lib_init_stdio_1                    0x08000227   Thumb Code     0  libinit2.o(.ARM.Collect$$libinit$$00000025)
    __rt_lib_init_user_alloc_1               0x08000227   Thumb Code     0  libinit2.o(.ARM.Collect$$libinit$$0000000C)
    __rt_lib_shutdown                        0x08000229   Thumb Code     0  libshutdown.o(.ARM.Collect$$libshutdown$$00000000)
    __rt_lib_shutdown_cpp_1                  0x0800022b   Thumb Code     0  libshutdown2.o(.ARM.Collect$$libshutdown$$00000002)
    __rt_lib_shutdown_fp_trap_1              0x0800022b   Thumb Code     0  libshutdown2.o(.ARM.Collect$$libshutdown$$00000007)
    __rt_lib_shutdown_heap_1                 0x0800022b   Thumb Code     0  libshutdown2.o(.ARM.Collect$$libshutdown$$0000000F)
    __rt_lib_shutdown_return                 0x0800022b   Thumb Code     0  libshutdown2.o(.ARM.Collect$$libshutdown$$00000010)
    __rt_lib_shutdown_signal_1               0x0800022b   Thumb Code     0  libshutdown2.o(.ARM.Collect$$libshutdown$$0000000A)
    __rt_lib_shutdown_stdio_1                0x0800022b   Thumb Code     0  libshutdown2.o(.ARM.Collect$$libshutdown$$00000004)
    __rt_lib_shutdown_user_alloc_1           0x0800022b   Thumb Code     0  libshutdown2.o(.ARM.Collect$$libshutdown$$0000000C)
    __rt_entry                               0x0800022d   Thumb Code     0  __rtentry.o(.ARM.Collect$$rtentry$$00000000)
    __rt_entry_presh_1                       0x0800022d   Thumb Code     0  __rtentry2.o(.ARM.Collect$$rtentry$$00000002)
    __rt_entry_sh                            0x0800022d   Thumb Code     0  __rtentry4.o(.ARM.Collect$$rtentry$$00000004)
    __rt_entry_li                            0x08000233   Thumb Code     0  __rtentry2.o(.ARM.Collect$$rtentry$$0000000A)
    __rt_entry_postsh_1                      0x08000233   Thumb Code     0  __rtentry2.o(.ARM.Collect$$rtentry$$00000009)
    __rt_entry_main                          0x08000237   Thumb Code     0  __rtentry2.o(.ARM.Collect$$rtentry$$0000000D)
    __rt_entry_postli_1                      0x08000237   Thumb Code     0  __rtentry2.o(.ARM.Collect$$rtentry$$0000000C)
    __rt_exit                                0x0800023f   Thumb Code     0  rtexit.o(.ARM.Collect$$rtexit$$00000000)
    __rt_exit_ls                             0x08000241   Thumb Code     0  rtexit2.o(.ARM.Collect$$rtexit$$00000003)
    __rt_exit_prels_1                        0x08000241   Thumb Code     0  rtexit2.o(.ARM.Collect$$rtexit$$00000002)
    __rt_exit_exit                           0x08000245   Thumb Code     0  rtexit2.o(.ARM.Collect$$rtexit$$00000004)
    Reset_Handler                            0x0800024d   Thumb Code     8  startup_stm32f427xx.o(.text)
    ADC_IRQHandler                           0x08000267   Thumb Code     0  startup_stm32f427xx.o(.text)
    CAN1_RX1_IRQHandler                      0x08000267   Thumb Code     0  startup_stm32f427xx.o(.text)
    CAN1_SCE_IRQHandler                      0x08000267   Thumb Code     0  startup_stm32f427xx.o(.text)
    CAN1_TX_IRQHandler                       0x08000267   Thumb Code     0  startup_stm32f427xx.o(.text)
    CAN2_RX1_IRQHandler                      0x08000267   Thumb Code     0  startup_stm32f427xx.o(.text)
    CAN2_SCE_IRQHandler                      0x08000267   Thumb Code     0  startup_stm32f427xx.o(.text)
    CAN2_TX_IRQHandler                       0x08000267   Thumb Code     0  startup_stm32f427xx.o(.text)
    DCMI_IRQHandler                          0x08000267   Thumb Code     0  startup_stm32f427xx.o(.text)
    DMA1_Stream0_IRQHandler                  0x08000267   Thumb Code     0  startup_stm32f427xx.o(.text)
    DMA1_Stream1_IRQHandler                  0x08000267   Thumb Code     0  startup_stm32f427xx.o(.text)
    DMA1_Stream2_IRQHandler                  0x08000267   Thumb Code     0  startup_stm32f427xx.o(.text)
    DMA1_Stream3_IRQHandler                  0x08000267   Thumb Code     0  startup_stm32f427xx.o(.text)
    DMA1_Stream4_IRQHandler                  0x08000267   Thumb Code     0  startup_stm32f427xx.o(.text)
    DMA1_Stream5_IRQHandler                  0x08000267   Thumb Code     0  startup_stm32f427xx.o(.text)
    DMA1_Stream7_IRQHandler                  0x08000267   Thumb Code     0  startup_stm32f427xx.o(.text)
    DMA2D_IRQHandler                         0x08000267   Thumb Code     0  startup_stm32f427xx.o(.text)
    DMA2_Stream0_IRQHandler                  0x08000267   Thumb Code     0  startup_stm32f427xx.o(.text)
    DMA2_Stream3_IRQHandler                  0x08000267   Thumb Code     0  startup_stm32f427xx.o(.text)
    DMA2_Stream4_IRQHandler                  0x08000267   Thumb Code     0  startup_stm32f427xx.o(.text)
    DMA2_Stream5_IRQHandler                  0x08000267   Thumb Code     0  startup_stm32f427xx.o(.text)
    DMA2_Stream6_IRQHandler                  0x08000267   Thumb Code     0  startup_stm32f427xx.o(.text)
    DMA2_Stream7_IRQHandler                  0x08000267   Thumb Code     0  startup_stm32f427xx.o(.text)
    ETH_IRQHandler                           0x08000267   Thumb Code     0  startup_stm32f427xx.o(.text)
    ETH_WKUP_IRQHandler                      0x08000267   Thumb Code     0  startup_stm32f427xx.o(.text)
    EXTI0_IRQHandler                         0x08000267   Thumb Code     0  startup_stm32f427xx.o(.text)
    EXTI15_10_IRQHandler                     0x08000267   Thumb Code     0  startup_stm32f427xx.o(.text)
    EXTI1_IRQHandler                         0x08000267   Thumb Code     0  startup_stm32f427xx.o(.text)
    EXTI2_IRQHandler                         0x08000267   Thumb Code     0  startup_stm32f427xx.o(.text)
    EXTI3_IRQHandler                         0x08000267   Thumb Code     0  startup_stm32f427xx.o(.text)
    EXTI4_IRQHandler                         0x08000267   Thumb Code     0  startup_stm32f427xx.o(.text)
    EXTI9_5_IRQHandler                       0x08000267   Thumb Code     0  startup_stm32f427xx.o(.text)
    FLASH_IRQHandler                         0x08000267   Thumb Code     0  startup_stm32f427xx.o(.text)
    FMC_IRQHandler                           0x08000267   Thumb Code     0  startup_stm32f427xx.o(.text)
    FPU_IRQHandler                           0x08000267   Thumb Code     0  startup_stm32f427xx.o(.text)
    HASH_RNG_IRQHandler                      0x08000267   Thumb Code     0  startup_stm32f427xx.o(.text)
    I2C1_ER_IRQHandler                       0x08000267   Thumb Code     0  startup_stm32f427xx.o(.text)
    I2C1_EV_IRQHandler                       0x08000267   Thumb Code     0  startup_stm32f427xx.o(.text)
    I2C2_ER_IRQHandler                       0x08000267   Thumb Code     0  startup_stm32f427xx.o(.text)
    I2C2_EV_IRQHandler                       0x08000267   Thumb Code     0  startup_stm32f427xx.o(.text)
    I2C3_ER_IRQHandler                       0x08000267   Thumb Code     0  startup_stm32f427xx.o(.text)
    I2C3_EV_IRQHandler                       0x08000267   Thumb Code     0  startup_stm32f427xx.o(.text)
    OTG_FS_IRQHandler                        0x08000267   Thumb Code     0  startup_stm32f427xx.o(.text)
    OTG_FS_WKUP_IRQHandler                   0x08000267   Thumb Code     0  startup_stm32f427xx.o(.text)
    OTG_HS_EP1_IN_IRQHandler                 0x08000267   Thumb Code     0  startup_stm32f427xx.o(.text)
    OTG_HS_EP1_OUT_IRQHandler                0x08000267   Thumb Code     0  startup_stm32f427xx.o(.text)
    OTG_HS_IRQHandler                        0x08000267   Thumb Code     0  startup_stm32f427xx.o(.text)
    OTG_HS_WKUP_IRQHandler                   0x08000267   Thumb Code     0  startup_stm32f427xx.o(.text)
    PVD_IRQHandler                           0x08000267   Thumb Code     0  startup_stm32f427xx.o(.text)
    RCC_IRQHandler                           0x08000267   Thumb Code     0  startup_stm32f427xx.o(.text)
    RTC_Alarm_IRQHandler                     0x08000267   Thumb Code     0  startup_stm32f427xx.o(.text)
    RTC_WKUP_IRQHandler                      0x08000267   Thumb Code     0  startup_stm32f427xx.o(.text)
    SAI1_IRQHandler                          0x08000267   Thumb Code     0  startup_stm32f427xx.o(.text)
    SDIO_IRQHandler                          0x08000267   Thumb Code     0  startup_stm32f427xx.o(.text)
    SPI1_IRQHandler                          0x08000267   Thumb Code     0  startup_stm32f427xx.o(.text)
    SPI2_IRQHandler                          0x08000267   Thumb Code     0  startup_stm32f427xx.o(.text)
    SPI3_IRQHandler                          0x08000267   Thumb Code     0  startup_stm32f427xx.o(.text)
    SPI4_IRQHandler                          0x08000267   Thumb Code     0  startup_stm32f427xx.o(.text)
    SPI5_IRQHandler                          0x08000267   Thumb Code     0  startup_stm32f427xx.o(.text)
    SPI6_IRQHandler                          0x08000267   Thumb Code     0  startup_stm32f427xx.o(.text)
    TAMP_STAMP_IRQHandler                    0x08000267   Thumb Code     0  startup_stm32f427xx.o(.text)
    TIM1_BRK_TIM9_IRQHandler                 0x08000267   Thumb Code     0  startup_stm32f427xx.o(.text)
    TIM1_CC_IRQHandler                       0x08000267   Thumb Code     0  startup_stm32f427xx.o(.text)
    TIM1_TRG_COM_TIM11_IRQHandler            0x08000267   Thumb Code     0  startup_stm32f427xx.o(.text)
    TIM1_UP_TIM10_IRQHandler                 0x08000267   Thumb Code     0  startup_stm32f427xx.o(.text)
    TIM4_IRQHandler                          0x08000267   Thumb Code     0  startup_stm32f427xx.o(.text)
    TIM5_IRQHandler                          0x08000267   Thumb Code     0  startup_stm32f427xx.o(.text)
    TIM6_DAC_IRQHandler                      0x08000267   Thumb Code     0  startup_stm32f427xx.o(.text)
    TIM7_IRQHandler                          0x08000267   Thumb Code     0  startup_stm32f427xx.o(.text)
    TIM8_BRK_TIM12_IRQHandler                0x08000267   Thumb Code     0  startup_stm32f427xx.o(.text)
    TIM8_CC_IRQHandler                       0x08000267   Thumb Code     0  startup_stm32f427xx.o(.text)
    TIM8_TRG_COM_TIM14_IRQHandler            0x08000267   Thumb Code     0  startup_stm32f427xx.o(.text)
    TIM8_UP_TIM13_IRQHandler                 0x08000267   Thumb Code     0  startup_stm32f427xx.o(.text)
    UART4_IRQHandler                         0x08000267   Thumb Code     0  startup_stm32f427xx.o(.text)
    UART5_IRQHandler                         0x08000267   Thumb Code     0  startup_stm32f427xx.o(.text)
    UART7_IRQHandler                         0x08000267   Thumb Code     0  startup_stm32f427xx.o(.text)
    USART2_IRQHandler                        0x08000267   Thumb Code     0  startup_stm32f427xx.o(.text)
    USART3_IRQHandler                        0x08000267   Thumb Code     0  startup_stm32f427xx.o(.text)
    WWDG_IRQHandler                          0x08000267   Thumb Code     0  startup_stm32f427xx.o(.text)
    __user_initial_stackheap                 0x08000269   Thumb Code     0  startup_stm32f427xx.o(.text)
    __aeabi_uldivmod                         0x0800028d   Thumb Code     0  lludivv7m.o(.text)
    _ll_udiv                                 0x0800028d   Thumb Code   238  lludivv7m.o(.text)
    __aeabi_memclr4                          0x0800037b   Thumb Code     0  rt_memclr_w.o(.text)
    __aeabi_memclr8                          0x0800037b   Thumb Code     0  rt_memclr_w.o(.text)
    __rt_memclr_w                            0x0800037b   Thumb Code    78  rt_memclr_w.o(.text)
    _memset_w                                0x0800037f   Thumb Code     0  rt_memclr_w.o(.text)
    __use_two_region_memory                  0x080003c9   Thumb Code     2  heapauxi.o(.text)
    __rt_heap_escrow$2region                 0x080003cb   Thumb Code     2  heapauxi.o(.text)
    __rt_heap_expand$2region                 0x080003cd   Thumb Code     2  heapauxi.o(.text)
    __read_errno                             0x080003cf   Thumb Code    10  _rserrno.o(.text)
    __set_errno                              0x080003d9   Thumb Code    12  _rserrno.o(.text)
    __aeabi_errno_addr                       0x080003e5   Thumb Code     8  rt_errno_addr_intlibspace.o(.text)
    __errno$intlibspace                      0x080003e5   Thumb Code     0  rt_errno_addr_intlibspace.o(.text)
    __rt_errno_addr$intlibspace              0x080003e5   Thumb Code     0  rt_errno_addr_intlibspace.o(.text)
    __user_libspace                          0x080003ed   Thumb Code     8  libspace.o(.text)
    __user_perproc_libspace                  0x080003ed   Thumb Code     0  libspace.o(.text)
    __user_perthread_libspace                0x080003ed   Thumb Code     0  libspace.o(.text)
    __user_setup_stackheap                   0x080003f5   Thumb Code    74  sys_stackheap_outer.o(.text)
    exit                                     0x0800043f   Thumb Code    18  exit.o(.text)
    _sys_exit                                0x08000451   Thumb Code     8  sys_exit.o(.text)
    __I$use$semihosting                      0x0800045d   Thumb Code     0  use_no_semi.o(.text)
    __use_no_semihosting_swi                 0x0800045d   Thumb Code     2  use_no_semi.o(.text)
    ABS                                      0x0800045f   Thumb Code    10  angle.o(i.ABS)
    __semihosting_library_function           0x0800045f   Thumb Code     0  indicate_semi.o(.text)
    All_Pid_Init                             0x08000469   Thumb Code   338  pid.o(i.All_Pid_Init)
    Angle_Turn                               0x080005dd   Thumb Code    92  angle.o(i.Angle_Turn)
    Arm_Out1                                 0x08000639   Thumb Code   228  quick_clamping.o(i.Arm_Out1)
    Arm_Out2                                 0x08000739   Thumb Code   296  quick_clamping.o(i.Arm_Out2)
    BusFault_Handler                         0x08000885   Thumb Code     2  stm32f4xx_it.o(i.BusFault_Handler)
    CAN1_RX0_IRQHandler                      0x08000889   Thumb Code     6  stm32f4xx_it.o(i.CAN1_RX0_IRQHandler)
    CAN2_RX0_IRQHandler                      0x08000895   Thumb Code     6  stm32f4xx_it.o(i.CAN2_RX0_IRQHandler)
    CanFilter_Init                           0x080008a1   Thumb Code    78  moto.o(i.CanFilter_Init)
    ChassisData_processing                   0x080008f9   Thumb Code    94  output_data.o(i.ChassisData_processing)
    Clamping_Control                         0x08000965   Thumb Code    24  clamping.o(i.Clamping_Control)
    Clamping_Off                             0x08000981   Thumb Code    28  clamping.o(i.Clamping_Off)
    Clamping_On                              0x080009a1   Thumb Code    28  clamping.o(i.Clamping_On)
    Clamping_Stop                            0x080009c1   Thumb Code    28  clamping.o(i.Clamping_Stop)
    Controller_handler                       0x080009e1   Thumb Code   218  remote_control.o(i.Controller_handler)
    DMA1_Stream6_IRQHandler                  0x08000ac1   Thumb Code     6  stm32f4xx_it.o(i.DMA1_Stream6_IRQHandler)
    DMA2_Stream1_IRQHandler                  0x08000acd   Thumb Code     6  stm32f4xx_it.o(i.DMA2_Stream1_IRQHandler)
    DMA2_Stream2_IRQHandler                  0x08000ad9   Thumb Code     6  stm32f4xx_it.o(i.DMA2_Stream2_IRQHandler)
    Data_Count                               0x08000b89   Thumb Code   156  output_data.o(i.Data_Count)
    DebugMon_Handler                         0x08000c31   Thumb Code     2  stm32f4xx_it.o(i.DebugMon_Handler)
    Error_Handler                            0x08000c33   Thumb Code     4  main.o(i.Error_Handler)
    Gyro1_Init                               0x08000c39   Thumb Code    32  gyroscope.o(i.Gyro1_Init)
    Gyro1_handler                            0x08000c61   Thumb Code   122  gyroscope.o(i.Gyro1_handler)
    Gyro2_Init                               0x08000cf1   Thumb Code    32  gyroscope.o(i.Gyro2_Init)
    Gyro2_handler                            0x08000d19   Thumb Code   122  gyroscope.o(i.Gyro2_handler)
    HAL_CAN_ActivateNotification             0x08000da9   Thumb Code    36  stm32f4xx_hal_can.o(i.HAL_CAN_ActivateNotification)
    HAL_CAN_AddTxMessage                     0x08000dcd   Thumb Code   200  stm32f4xx_hal_can.o(i.HAL_CAN_AddTxMessage)
    HAL_CAN_ConfigFilter                     0x08000e95   Thumb Code   262  stm32f4xx_hal_can.o(i.HAL_CAN_ConfigFilter)
    HAL_CAN_ErrorCallback                    0x08000fa1   Thumb Code     2  stm32f4xx_hal_can.o(i.HAL_CAN_ErrorCallback)
    HAL_CAN_GetRxMessage                     0x08000fa3   Thumb Code   232  stm32f4xx_hal_can.o(i.HAL_CAN_GetRxMessage)
    HAL_CAN_IRQHandler                       0x0800108b   Thumb Code   508  stm32f4xx_hal_can.o(i.HAL_CAN_IRQHandler)
    HAL_CAN_Init                             0x08001287   Thumb Code   282  stm32f4xx_hal_can.o(i.HAL_CAN_Init)
    HAL_CAN_MspInit                          0x080013a1   Thumb Code   228  can.o(i.HAL_CAN_MspInit)
    HAL_CAN_RxFifo0FullCallback              0x0800149d   Thumb Code     2  stm32f4xx_hal_can.o(i.HAL_CAN_RxFifo0FullCallback)
    HAL_CAN_RxFifo0MsgPendingCallback        0x080014a1   Thumb Code   446  moto.o(i.HAL_CAN_RxFifo0MsgPendingCallback)
    HAL_CAN_RxFifo1FullCallback              0x08001679   Thumb Code     2  stm32f4xx_hal_can.o(i.HAL_CAN_RxFifo1FullCallback)
    HAL_CAN_RxFifo1MsgPendingCallback        0x0800167b   Thumb Code     2  stm32f4xx_hal_can.o(i.HAL_CAN_RxFifo1MsgPendingCallback)
    HAL_CAN_SleepCallback                    0x0800167d   Thumb Code     2  stm32f4xx_hal_can.o(i.HAL_CAN_SleepCallback)
    HAL_CAN_Start                            0x08001681   Thumb Code    88  stm32f4xx_hal_can.o(i.HAL_CAN_Start)
    HAL_CAN_TxMailbox0AbortCallback          0x080016d9   Thumb Code     2  stm32f4xx_hal_can.o(i.HAL_CAN_TxMailbox0AbortCallback)
    HAL_CAN_TxMailbox0CompleteCallback       0x080016db   Thumb Code     2  stm32f4xx_hal_can.o(i.HAL_CAN_TxMailbox0CompleteCallback)
    HAL_CAN_TxMailbox1AbortCallback          0x080016dd   Thumb Code     2  stm32f4xx_hal_can.o(i.HAL_CAN_TxMailbox1AbortCallback)
    HAL_CAN_TxMailbox1CompleteCallback       0x080016df   Thumb Code     2  stm32f4xx_hal_can.o(i.HAL_CAN_TxMailbox1CompleteCallback)
    HAL_CAN_TxMailbox2AbortCallback          0x080016e1   Thumb Code     2  stm32f4xx_hal_can.o(i.HAL_CAN_TxMailbox2AbortCallback)
    HAL_CAN_TxMailbox2CompleteCallback       0x080016e3   Thumb Code     2  stm32f4xx_hal_can.o(i.HAL_CAN_TxMailbox2CompleteCallback)
    HAL_CAN_WakeUpFromRxMsgCallback          0x080016e5   Thumb Code     2  stm32f4xx_hal_can.o(i.HAL_CAN_WakeUpFromRxMsgCallback)
    HAL_DMA_Abort                            0x080016e7   Thumb Code   146  stm32f4xx_hal_dma.o(i.HAL_DMA_Abort)
    HAL_DMA_Abort_IT                         0x08001779   Thumb Code    36  stm32f4xx_hal_dma.o(i.HAL_DMA_Abort_IT)
    HAL_DMA_IRQHandler                       0x0800179d   Thumb Code   412  stm32f4xx_hal_dma.o(i.HAL_DMA_IRQHandler)
    HAL_DMA_Init                             0x0800193d   Thumb Code   206  stm32f4xx_hal_dma.o(i.HAL_DMA_Init)
    HAL_DMA_Start_IT                         0x08001a11   Thumb Code   110  stm32f4xx_hal_dma.o(i.HAL_DMA_Start_IT)
    HAL_GPIO_Init                            0x08001a81   Thumb Code   510  stm32f4xx_hal_gpio.o(i.HAL_GPIO_Init)
    HAL_GPIO_ReadPin                         0x08001cb5   Thumb Code    10  stm32f4xx_hal_gpio.o(i.HAL_GPIO_ReadPin)
    HAL_GPIO_WritePin                        0x08001cbf   Thumb Code    10  stm32f4xx_hal_gpio.o(i.HAL_GPIO_WritePin)
    HAL_GetTick                              0x08001cc9   Thumb Code     6  stm32f4xx_hal.o(i.HAL_GetTick)
    HAL_IncTick                              0x08001cd5   Thumb Code    12  stm32f4xx_hal.o(i.HAL_IncTick)
    HAL_Init                                 0x08001ce5   Thumb Code    48  stm32f4xx_hal.o(i.HAL_Init)
    HAL_InitTick                             0x08001d19   Thumb Code    54  stm32f4xx_hal.o(i.HAL_InitTick)
    HAL_MspInit                              0x08001d59   Thumb Code    42  stm32f4xx_hal_msp.o(i.HAL_MspInit)
    HAL_NVIC_EnableIRQ                       0x08001d89   Thumb Code    26  stm32f4xx_hal_cortex.o(i.HAL_NVIC_EnableIRQ)
    HAL_NVIC_SetPriority                     0x08001da5   Thumb Code    60  stm32f4xx_hal_cortex.o(i.HAL_NVIC_SetPriority)
    HAL_NVIC_SetPriorityGrouping             0x08001de5   Thumb Code    26  stm32f4xx_hal_cortex.o(i.HAL_NVIC_SetPriorityGrouping)
    HAL_RCC_ClockConfig                      0x08001e09   Thumb Code   288  stm32f4xx_hal_rcc.o(i.HAL_RCC_ClockConfig)
    HAL_RCC_GetPCLK1Freq                     0x08001f3d   Thumb Code    20  stm32f4xx_hal_rcc.o(i.HAL_RCC_GetPCLK1Freq)
    HAL_RCC_GetPCLK2Freq                     0x08001f5d   Thumb Code    20  stm32f4xx_hal_rcc.o(i.HAL_RCC_GetPCLK2Freq)
    HAL_RCC_GetSysClockFreq                  0x08001f7d   Thumb Code    88  stm32f4xx_hal_rcc.o(i.HAL_RCC_GetSysClockFreq)
    HAL_RCC_OscConfig                        0x08001fe1   Thumb Code   856  stm32f4xx_hal_rcc.o(i.HAL_RCC_OscConfig)
    HAL_SYSTICK_Config                       0x0800234d   Thumb Code    40  stm32f4xx_hal_cortex.o(i.HAL_SYSTICK_Config)
    HAL_TIMEx_BreakCallback                  0x08002375   Thumb Code     2  stm32f4xx_hal_tim_ex.o(i.HAL_TIMEx_BreakCallback)
    HAL_TIMEx_CommutCallback                 0x08002377   Thumb Code     2  stm32f4xx_hal_tim_ex.o(i.HAL_TIMEx_CommutCallback)
    HAL_TIMEx_MasterConfigSynchronization    0x08002379   Thumb Code   116  stm32f4xx_hal_tim_ex.o(i.HAL_TIMEx_MasterConfigSynchronization)
    HAL_TIM_Base_Init                        0x08002409   Thumb Code    90  stm32f4xx_hal_tim.o(i.HAL_TIM_Base_Init)
    HAL_TIM_Base_MspInit                     0x08002465   Thumb Code   108  tim.o(i.HAL_TIM_Base_MspInit)
    HAL_TIM_Base_Start_IT                    0x080024dd   Thumb Code   100  stm32f4xx_hal_tim.o(i.HAL_TIM_Base_Start_IT)
    HAL_TIM_ConfigClockSource                0x0800255d   Thumb Code   220  stm32f4xx_hal_tim.o(i.HAL_TIM_ConfigClockSource)
    HAL_TIM_IC_CaptureCallback               0x08002639   Thumb Code     2  stm32f4xx_hal_tim.o(i.HAL_TIM_IC_CaptureCallback)
    HAL_TIM_IRQHandler                       0x0800263b   Thumb Code   358  stm32f4xx_hal_tim.o(i.HAL_TIM_IRQHandler)
    HAL_TIM_MspPostInit                      0x080027a1   Thumb Code   110  tim.o(i.HAL_TIM_MspPostInit)
    HAL_TIM_OC_DelayElapsedCallback          0x08002821   Thumb Code     2  stm32f4xx_hal_tim.o(i.HAL_TIM_OC_DelayElapsedCallback)
    HAL_TIM_PWM_ConfigChannel                0x08002823   Thumb Code   204  stm32f4xx_hal_tim.o(i.HAL_TIM_PWM_ConfigChannel)
    HAL_TIM_PWM_Init                         0x080028ef   Thumb Code    90  stm32f4xx_hal_tim.o(i.HAL_TIM_PWM_Init)
    HAL_TIM_PWM_MspInit                      0x08002949   Thumb Code     2  stm32f4xx_hal_tim.o(i.HAL_TIM_PWM_MspInit)
    HAL_TIM_PWM_PulseFinishedCallback        0x0800294b   Thumb Code     2  stm32f4xx_hal_tim.o(i.HAL_TIM_PWM_PulseFinishedCallback)
    HAL_TIM_PWM_Start                        0x0800294d   Thumb Code   172  stm32f4xx_hal_tim.o(i.HAL_TIM_PWM_Start)
    HAL_TIM_PeriodElapsedCallback            0x08002a15   Thumb Code     2  stm32f4xx_hal_tim.o(i.HAL_TIM_PeriodElapsedCallback)
    HAL_TIM_TriggerCallback                  0x08002a17   Thumb Code     2  stm32f4xx_hal_tim.o(i.HAL_TIM_TriggerCallback)
    HAL_UARTEx_RxEventCallback               0x08002a19   Thumb Code     2  stm32f4xx_hal_uart.o(i.HAL_UARTEx_RxEventCallback)
    HAL_UART_DMAStop                         0x08002a1b   Thumb Code   112  stm32f4xx_hal_uart.o(i.HAL_UART_DMAStop)
    HAL_UART_ErrorCallback                   0x08002a8b   Thumb Code     2  stm32f4xx_hal_uart.o(i.HAL_UART_ErrorCallback)
    HAL_UART_IRQHandler                      0x08002a8d   Thumb Code   610  stm32f4xx_hal_uart.o(i.HAL_UART_IRQHandler)
    HAL_UART_Init                            0x08002cf5   Thumb Code    98  stm32f4xx_hal_uart.o(i.HAL_UART_Init)
    HAL_UART_MspInit                         0x08002d59   Thumb Code   476  usart.o(i.HAL_UART_MspInit)
    HAL_UART_Receive_DMA                     0x08002f5d   Thumb Code    42  stm32f4xx_hal_uart.o(i.HAL_UART_Receive_DMA)
    HAL_UART_RxCpltCallback                  0x08002f87   Thumb Code     2  stm32f4xx_hal_uart.o(i.HAL_UART_RxCpltCallback)
    HAL_UART_RxHalfCpltCallback              0x08002f89   Thumb Code     2  stm32f4xx_hal_uart.o(i.HAL_UART_RxHalfCpltCallback)
    HAL_UART_TxCpltCallback                  0x08002f8b   Thumb Code     2  stm32f4xx_hal_uart.o(i.HAL_UART_TxCpltCallback)
    HardFault_Handler                        0x08002f8d   Thumb Code     2  stm32f4xx_it.o(i.HardFault_Handler)
    IDLE_Gyro1_Handler                       0x08002f91   Thumb Code    60  gyroscope.o(i.IDLE_Gyro1_Handler)
    IDLE_Gyro2_Handler                       0x08002fd9   Thumb Code    60  gyroscope.o(i.IDLE_Gyro2_Handler)
    IDLE_Handler                             0x08003021   Thumb Code    66  remote_control.o(i.IDLE_Handler)
    JointData_processing                     0x08003075   Thumb Code    96  joint.o(i.JointData_processing)
    Joint_Control                            0x080030e1   Thumb Code    28  joint.o(i.Joint_Control)
    Joint_Direction                          0x08003105   Thumb Code    26  joint.o(i.Joint_Direction)
    Joint_Down                               0x08003121   Thumb Code    58  joint.o(i.Joint_Down)
    Joint_Init                               0x08003165   Thumb Code    86  joint.o(i.Joint_Init)
    Joint_Stop                               0x080031c9   Thumb Code    58  joint.o(i.Joint_Stop)
    Joint_Up                                 0x0800320d   Thumb Code    58  joint.o(i.Joint_Up)
    Limit_Moto_No5                           0x08003251   Thumb Code    46  reset.o(i.Limit_Moto_No5)
    MX_CAN1_Init                             0x0800328d   Thumb Code    60  can.o(i.MX_CAN1_Init)
    MX_CAN2_Init                             0x080032d1   Thumb Code    60  can.o(i.MX_CAN2_Init)
    MX_DMA_Init                              0x08003315   Thumb Code    88  dma.o(i.MX_DMA_Init)
    MX_GPIO_Init                             0x08003371   Thumb Code   312  gpio.o(i.MX_GPIO_Init)
    MX_TIM2_Init                             0x080034c1   Thumb Code   164  tim.o(i.MX_TIM2_Init)
    MX_TIM3_Init                             0x08003569   Thumb Code    96  tim.o(i.MX_TIM3_Init)
    MX_TIM5_Init                             0x080035d1   Thumb Code   144  tim.o(i.MX_TIM5_Init)
    MX_UART8_Init                            0x08003669   Thumb Code    48  usart.o(i.MX_UART8_Init)
    MX_USART1_UART_Init                      0x080036a1   Thumb Code    54  usart.o(i.MX_USART1_UART_Init)
    MX_USART6_UART_Init                      0x080036e5   Thumb Code    48  usart.o(i.MX_USART6_UART_Init)
    MemManage_Handler                        0x0800371d   Thumb Code     2  stm32f4xx_it.o(i.MemManage_Handler)
    Moto5_Limit                              0x08003721   Thumb Code    18  reset.o(i.Moto5_Limit)
    Moto_Current_Output                      0x0800373d   Thumb Code    42  moto.o(i.Moto_Current_Output)
    Moto_Current_Output2                     0x08003775   Thumb Code    56  moto.o(i.Moto_Current_Output2)
    Moto_Init                                0x080037bd   Thumb Code    38  moto.o(i.Moto_Init)
    NMI_Handler                              0x080037ed   Thumb Code     2  stm32f4xx_it.o(i.NMI_Handler)
    No8_Angle_Turn                           0x080037ef   Thumb Code    98  angle.o(i.No8_Angle_Turn)
    PendSV_Handler                           0x08003851   Thumb Code     2  stm32f4xx_it.o(i.PendSV_Handler)
    Protect_Joint1                           0x08003855   Thumb Code   102  protect.o(i.Protect_Joint1)
    Protect_Joint2                           0x080038c9   Thumb Code   112  protect.o(i.Protect_Joint2)
    Protect_RemoteControl                    0x08003941   Thumb Code   136  protect.o(i.Protect_RemoteControl)
    Remote_Control_Init                      0x080039dd   Thumb Code    32  remote_control.o(i.Remote_Control_Init)
    Rx_Moto_Init                             0x08003a05   Thumb Code    22  moto.o(i.Rx_Moto_Init)
    Rx_Moto_Init2                            0x08003a21   Thumb Code    22  moto.o(i.Rx_Moto_Init2)
    SVC_Handler                              0x08003a3d   Thumb Code     2  stm32f4xx_it.o(i.SVC_Handler)
    SysTick_Handler                          0x08003a3f   Thumb Code     4  stm32f4xx_it.o(i.SysTick_Handler)
    SystemClock_Config                       0x08003a45   Thumb Code   140  main.o(i.SystemClock_Config)
    SystemInit                               0x08003ad9   Thumb Code    12  system_stm32f4xx.o(i.SystemInit)
    TIM2_IRQHandler                          0x08003ae9   Thumb Code   514  stm32f4xx_it.o(i.TIM2_IRQHandler)
    TIM3_IRQHandler                          0x08003d1d   Thumb Code     6  stm32f4xx_it.o(i.TIM3_IRQHandler)
    TIM_Base_SetConfig                       0x08003d29   Thumb Code   156  stm32f4xx_hal_tim.o(i.TIM_Base_SetConfig)
    TIM_CCxChannelCmd                        0x08003df1   Thumb Code    26  stm32f4xx_hal_tim.o(i.TIM_CCxChannelCmd)
    TIM_ETR_SetConfig                        0x08003e0b   Thumb Code    20  stm32f4xx_hal_tim.o(i.TIM_ETR_SetConfig)
    TIM_OC2_SetConfig                        0x08003e91   Thumb Code    98  stm32f4xx_hal_tim.o(i.TIM_OC2_SetConfig)
    Tx_Moto_Init                             0x08003ffd   Thumb Code    42  moto.o(i.Tx_Moto_Init)
    UART8_IRQHandler                         0x0800402d   Thumb Code    16  stm32f4xx_it.o(i.UART8_IRQHandler)
    UART_Start_Receive_DMA                   0x0800436d   Thumb Code   130  stm32f4xx_hal_uart.o(i.UART_Start_Receive_DMA)
    USART1_IRQHandler                        0x080043fd   Thumb Code    16  stm32f4xx_it.o(i.USART1_IRQHandler)
    USART6_IRQHandler                        0x08004411   Thumb Code    16  stm32f4xx_it.o(i.USART6_IRQHandler)
    UsageFault_Handler                       0x08004425   Thumb Code     2  stm32f4xx_it.o(i.UsageFault_Handler)
    WZPid_Init                               0x08004427   Thumb Code    18  pid.o(i.WZPid_Init)
    ZLPid                                    0x08004439   Thumb Code   162  pid.o(i.ZLPid)
    ZLPid_Init                               0x080044db   Thumb Code    14  pid.o(i.ZLPid_Init)
    __ARM_fpclassify                         0x080044e9   Thumb Code    48  fpclassify.o(i.__ARM_fpclassify)
    __hardfp_acos                            0x08004539   Thumb Code   738  acos.o(i.__hardfp_acos)
    __hardfp_atan                            0x08004891   Thumb Code   622  atan.o(i.__hardfp_atan)
    __hardfp_atan2                           0x08004b69   Thumb Code   432  atan2.o(i.__hardfp_atan2)
    __hardfp_sqrt                            0x08004d59   Thumb Code   122  sqrt.o(i.__hardfp_sqrt)
    __kernel_poly                            0x08004dd3   Thumb Code   248  poly.o(i.__kernel_poly)
    __mathlib_dbl_infnan                     0x08004ecb   Thumb Code    20  dunder.o(i.__mathlib_dbl_infnan)
    __mathlib_dbl_infnan2                    0x08004edf   Thumb Code    20  dunder.o(i.__mathlib_dbl_infnan2)
    __mathlib_dbl_invalid                    0x08004ef9   Thumb Code    24  dunder.o(i.__mathlib_dbl_invalid)
    __mathlib_dbl_underflow                  0x08004f19   Thumb Code    24  dunder.o(i.__mathlib_dbl_underflow)
    atan                                     0x08004f39   Thumb Code    16  atan.o(i.atan)
    fabs                                     0x08004f49   Thumb Code    24  fabs.o(i.fabs)
    main                                     0x08004f61   Thumb Code   116  main.o(i.main)
    rotate                                   0x08004fe9   Thumb Code    36  clamping.o(i.rotate)
    rotate_limit                             0x08005015   Thumb Code    46  clamping.o(i.rotate_limit)
    sqrt                                     0x08005049   Thumb Code   110  sqrt.o(i.sqrt)
    synchronization                          0x080050b9   Thumb Code    38  joint.o(i.synchronization)
    __aeabi_dneg                             0x080050e9   Thumb Code     0  basic.o(x$fpl$basic)
    _dneg                                    0x080050e9   Thumb Code     6  basic.o(x$fpl$basic)
    __aeabi_fneg                             0x080050ef   Thumb Code     0  basic.o(x$fpl$basic)
    _fneg                                    0x080050ef   Thumb Code     6  basic.o(x$fpl$basic)
    _dabs                                    0x080050f5   Thumb Code     6  basic.o(x$fpl$basic)
    _fabs                                    0x080050fb   Thumb Code     6  basic.o(x$fpl$basic)
    __aeabi_d2f                              0x08005101   Thumb Code     0  d2f.o(x$fpl$d2f)
    _d2f                                     0x08005101   Thumb Code    98  d2f.o(x$fpl$d2f)
    __aeabi_dadd                             0x08005165   Thumb Code     0  daddsub_clz.o(x$fpl$dadd)
    _dadd                                    0x08005165   Thumb Code   332  daddsub_clz.o(x$fpl$dadd)
    __aeabi_ddiv                             0x080052b5   Thumb Code     0  ddiv.o(x$fpl$ddiv)
    _ddiv                                    0x080052b5   Thumb Code   552  ddiv.o(x$fpl$ddiv)
    __aeabi_d2iz                             0x08005565   Thumb Code     0  dfix.o(x$fpl$dfix)
    _dfix                                    0x08005565   Thumb Code    94  dfix.o(x$fpl$dfix)
    __aeabi_i2d                              0x080055c3   Thumb Code     0  dflt_clz.o(x$fpl$dflt)
    _dflt                                    0x080055c3   Thumb Code    46  dflt_clz.o(x$fpl$dflt)
    __aeabi_dmul                             0x080055f1   Thumb Code     0  dmul.o(x$fpl$dmul)
    _dmul                                    0x080055f1   Thumb Code   332  dmul.o(x$fpl$dmul)
    __fpl_dnaninf                            0x08005745   Thumb Code   156  dnaninf.o(x$fpl$dnaninf)
    __fpl_dretinf                            0x080057e1   Thumb Code    12  dretinf.o(x$fpl$dretinf)
    __aeabi_drsub                            0x080057ed   Thumb Code     0  daddsub_clz.o(x$fpl$drsb)
    _drsb                                    0x080057ed   Thumb Code    22  daddsub_clz.o(x$fpl$drsb)
    _dsqrt                                   0x08005805   Thumb Code   404  dsqrt_umaal.o(x$fpl$dsqrt)
    __aeabi_dsub                             0x0800599d   Thumb Code     0  daddsub_clz.o(x$fpl$dsub)
    _dsub                                    0x0800599d   Thumb Code   464  daddsub_clz.o(x$fpl$dsub)
    __aeabi_f2d                              0x08005b71   Thumb Code     0  f2d.o(x$fpl$f2d)
    _f2d                                     0x08005b71   Thumb Code    86  f2d.o(x$fpl$f2d)
    __fpl_fnaninf                            0x08005bc7   Thumb Code   140  fnaninf.o(x$fpl$fnaninf)
    _fp_init                                 0x08005c53   Thumb Code    10  fpinit.o(x$fpl$fpinit)
    __fplib_config_fpu_vfp                   0x08005c5b   Thumb Code     0  fpinit.o(x$fpl$fpinit)
    __fplib_config_pureend_doubles           0x08005c5b   Thumb Code     0  fpinit.o(x$fpl$fpinit)
    __fpl_fretinf                            0x08005c5d   Thumb Code    10  fretinf.o(x$fpl$fretinf)
    __I$use$fp                               0x08005c66   Number         0  usenofp.o(x$fpl$usenofp)
    AHBPrescTable                            0x08005c6e   Data          16  system_stm32f4xx.o(.constdata)
    APBPrescTable                            0x08005c7e   Data           8  system_stm32f4xx.o(.constdata)
    __mathlib_zero                           0x08005d70   Data           8  qnan.o(.constdata)
    Region$$Table$$Base                      0x08005d78   Number         0  anon$$obj.o(Region$$Table)
    Region$$Table$$Limit                     0x08005d98   Number         0  anon$$obj.o(Region$$Table)
    quick_clamping1                          0x20000004   Data           4  stm32f4xx_it.o(.data)
    quick_clamping2                          0x20000008   Data           4  stm32f4xx_it.o(.data)
    uwTickFreq                               0x2000000c   Data           1  stm32f4xx_hal.o(.data)
    uwTickPrio                               0x20000010   Data           4  stm32f4xx_hal.o(.data)
    uwTick                                   0x20000014   Data           4  stm32f4xx_hal.o(.data)
    SystemCoreClock                          0x20000018   Data           4  system_stm32f4xx.o(.data)
    Remote_Control_Normal                    0x2000001c   Data           4  remote_control.o(.data)
    Protect_Number6                          0x20000020   Data           4  moto.o(.data)
    Protect_Number7                          0x20000024   Data           4  moto.o(.data)
    mot1_output_last                         0x20000028   Data           4  moto.o(.data)
    TX_MOTO_CURRENT                          0x2000002c   Data           8  moto.o(.data)
    TX_MOTO_CURRENT2                         0x20000034   Data           8  moto.o(.data)
    RX_MOTO_DATA                             0x2000003c   Data           8  moto.o(.data)
    RX_MOTO_DATA2                            0x20000044   Data           8  moto.o(.data)
    WS_Count                                 0x2000004c   Data           4  output_data.o(.data)
    AD_Count                                 0x20000050   Data           4  output_data.o(.data)
    speed7_error                             0x20000054   Data           2  joint.o(.data)
    moto5_limit                              0x20000058   Data           4  reset.o(.data)
    Protect2_No6                             0x2000005c   Data           2  protect.o(.data)
    Protect2_No7                             0x2000005e   Data           2  protect.o(.data)
    Protect_Cnt                              0x20000060   Data           4  protect.o(.data)
    hcan1                                    0x20000064   Data          40  can.o(.bss)
    hcan2                                    0x2000008c   Data          40  can.o(.bss)
    htim2                                    0x200000b4   Data          72  tim.o(.bss)
    htim3                                    0x200000fc   Data          72  tim.o(.bss)
    htim5                                    0x20000144   Data          72  tim.o(.bss)
    huart8                                   0x2000018c   Data          68  usart.o(.bss)
    huart1                                   0x200001d0   Data          68  usart.o(.bss)
    huart6                                   0x20000214   Data          68  usart.o(.bss)
    hdma_uart8_rx                            0x20000258   Data          96  usart.o(.bss)
    hdma_usart1_rx                           0x200002b8   Data          96  usart.o(.bss)
    hdma_usart6_rx                           0x20000318   Data          96  usart.o(.bss)
    controller_data                          0x20000378   Data          36  remote_control.o(.bss)
    Remote_Control                           0x2000039c   Data          54  remote_control.o(.bss)
    Can_HandleTxMsg2                         0x200003d4   Data          24  moto.o(.bss)
    Can_HandleTxMsg                          0x200003ec   Data          24  moto.o(.bss)
    CAN_HandleRxMsg                          0x20000404   Data          28  moto.o(.bss)
    CAN_HandleRxMsg2                         0x20000420   Data          28  moto.o(.bss)
    MotoData                                 0x2000043c   Data         192  moto.o(.bss)
    Gyro1_Data                               0x200004fc   Data          22  gyroscope.o(.bss)
    Gyro2_Data                               0x20000512   Data          22  gyroscope.o(.bss)
    angle1                                   0x20000528   Data          12  gyroscope.o(.bss)
    angle2                                   0x20000534   Data          12  gyroscope.o(.bss)
    Angle                                    0x20000540   Data          56  angle.o(.bss)
    Pid                                      0x20000578   Data         440  pid.o(.bss)
    __libspace_start                         0x20000730   Data          96  libspace.o(.bss)
    __temporary_stack_top$libspace           0x20000790   Data           0  libspace.o(.bss)



==============================================================================

Memory Map of the image

  Image Entry point : 0x080001ad

  Load Region LR_IROM1 (Base: 0x08000000, Size: 0x00005dfc, Max: 0x00200000, ABSOLUTE)

    Execution Region ER_IROM1 (Base: 0x08000000, Size: 0x00005d98, Max: 0x00200000, ABSOLUTE)

    Base Addr    Size         Type   Attr      Idx    E Section Name        Object

    0x08000000   0x000001ac   Data   RO            3    RESET               startup_stm32f427xx.o
    0x080001ac   0x00000008   Code   RO         4025  * !!!main             c_w.l(__main.o)
    0x080001b4   0x00000034   Code   RO         4319    !!!scatter          c_w.l(__scatter.o)
    0x080001e8   0x0000001a   Code   RO         4321    !!handler_copy      c_w.l(__scatter_copy.o)
    0x08000202   0x00000002   PAD
    0x08000204   0x0000001c   Code   RO         4323    !!handler_zi        c_w.l(__scatter_zi.o)
    0x08000220   0x00000002   Code   RO         4192    .ARM.Collect$$libinit$$00000000  c_w.l(libinit.o)
    0x08000222   0x00000004   Code   RO         4201    .ARM.Collect$$libinit$$00000001  c_w.l(libinit2.o)
    0x08000226   0x00000000   Code   RO         4204    .ARM.Collect$$libinit$$00000004  c_w.l(libinit2.o)
    0x08000226   0x00000000   Code   RO         4207    .ARM.Collect$$libinit$$0000000A  c_w.l(libinit2.o)
    0x08000226   0x00000000   Code   RO         4209    .ARM.Collect$$libinit$$0000000C  c_w.l(libinit2.o)
    0x08000226   0x00000000   Code   RO         4211    .ARM.Collect$$libinit$$0000000E  c_w.l(libinit2.o)
    0x08000226   0x00000000   Code   RO         4214    .ARM.Collect$$libinit$$00000011  c_w.l(libinit2.o)
    0x08000226   0x00000000   Code   RO         4216    .ARM.Collect$$libinit$$00000013  c_w.l(libinit2.o)
    0x08000226   0x00000000   Code   RO         4218    .ARM.Collect$$libinit$$00000015  c_w.l(libinit2.o)
    0x08000226   0x00000000   Code   RO         4220    .ARM.Collect$$libinit$$00000017  c_w.l(libinit2.o)
    0x08000226   0x00000000   Code   RO         4222    .ARM.Collect$$libinit$$00000019  c_w.l(libinit2.o)
    0x08000226   0x00000000   Code   RO         4224    .ARM.Collect$$libinit$$0000001B  c_w.l(libinit2.o)
    0x08000226   0x00000000   Code   RO         4226    .ARM.Collect$$libinit$$0000001D  c_w.l(libinit2.o)
    0x08000226   0x00000000   Code   RO         4228    .ARM.Collect$$libinit$$0000001F  c_w.l(libinit2.o)
    0x08000226   0x00000000   Code   RO         4230    .ARM.Collect$$libinit$$00000021  c_w.l(libinit2.o)
    0x08000226   0x00000000   Code   RO         4232    .ARM.Collect$$libinit$$00000023  c_w.l(libinit2.o)
    0x08000226   0x00000000   Code   RO         4234    .ARM.Collect$$libinit$$00000025  c_w.l(libinit2.o)
    0x08000226   0x00000000   Code   RO         4238    .ARM.Collect$$libinit$$0000002C  c_w.l(libinit2.o)
    0x08000226   0x00000000   Code   RO         4240    .ARM.Collect$$libinit$$0000002E  c_w.l(libinit2.o)
    0x08000226   0x00000000   Code   RO         4242    .ARM.Collect$$libinit$$00000030  c_w.l(libinit2.o)
    0x08000226   0x00000000   Code   RO         4244    .ARM.Collect$$libinit$$00000032  c_w.l(libinit2.o)
    0x08000226   0x00000002   Code   RO         4245    .ARM.Collect$$libinit$$00000033  c_w.l(libinit2.o)
    0x08000228   0x00000002   Code   RO         4276    .ARM.Collect$$libshutdown$$00000000  c_w.l(libshutdown.o)
    0x0800022a   0x00000000   Code   RO         4302    .ARM.Collect$$libshutdown$$00000002  c_w.l(libshutdown2.o)
    0x0800022a   0x00000000   Code   RO         4304    .ARM.Collect$$libshutdown$$00000004  c_w.l(libshutdown2.o)
    0x0800022a   0x00000000   Code   RO         4307    .ARM.Collect$$libshutdown$$00000007  c_w.l(libshutdown2.o)
    0x0800022a   0x00000000   Code   RO         4310    .ARM.Collect$$libshutdown$$0000000A  c_w.l(libshutdown2.o)
    0x0800022a   0x00000000   Code   RO         4312    .ARM.Collect$$libshutdown$$0000000C  c_w.l(libshutdown2.o)
    0x0800022a   0x00000000   Code   RO         4315    .ARM.Collect$$libshutdown$$0000000F  c_w.l(libshutdown2.o)
    0x0800022a   0x00000002   Code   RO         4316    .ARM.Collect$$libshutdown$$00000010  c_w.l(libshutdown2.o)
    0x0800022c   0x00000000   Code   RO         4091    .ARM.Collect$$rtentry$$00000000  c_w.l(__rtentry.o)
    0x0800022c   0x00000000   Code   RO         4151    .ARM.Collect$$rtentry$$00000002  c_w.l(__rtentry2.o)
    0x0800022c   0x00000006   Code   RO         4163    .ARM.Collect$$rtentry$$00000004  c_w.l(__rtentry4.o)
    0x08000232   0x00000000   Code   RO         4153    .ARM.Collect$$rtentry$$00000009  c_w.l(__rtentry2.o)
    0x08000232   0x00000004   Code   RO         4154    .ARM.Collect$$rtentry$$0000000A  c_w.l(__rtentry2.o)
    0x08000236   0x00000000   Code   RO         4156    .ARM.Collect$$rtentry$$0000000C  c_w.l(__rtentry2.o)
    0x08000236   0x00000008   Code   RO         4157    .ARM.Collect$$rtentry$$0000000D  c_w.l(__rtentry2.o)
    0x0800023e   0x00000002   Code   RO         4193    .ARM.Collect$$rtexit$$00000000  c_w.l(rtexit.o)
    0x08000240   0x00000000   Code   RO         4249    .ARM.Collect$$rtexit$$00000002  c_w.l(rtexit2.o)
    0x08000240   0x00000004   Code   RO         4250    .ARM.Collect$$rtexit$$00000003  c_w.l(rtexit2.o)
    0x08000244   0x00000006   Code   RO         4251    .ARM.Collect$$rtexit$$00000004  c_w.l(rtexit2.o)
    0x0800024a   0x00000002   PAD
    0x0800024c   0x00000040   Code   RO            4    .text               startup_stm32f427xx.o
    0x0800028c   0x000000ee   Code   RO         4019    .text               c_w.l(lludivv7m.o)
    0x0800037a   0x0000004e   Code   RO         4021    .text               c_w.l(rt_memclr_w.o)
    0x080003c8   0x00000006   Code   RO         4023    .text               c_w.l(heapauxi.o)
    0x080003ce   0x00000016   Code   RO         4096    .text               c_w.l(_rserrno.o)
    0x080003e4   0x00000008   Code   RO         4170    .text               c_w.l(rt_errno_addr_intlibspace.o)
    0x080003ec   0x00000008   Code   RO         4176    .text               c_w.l(libspace.o)
    0x080003f4   0x0000004a   Code   RO         4179    .text               c_w.l(sys_stackheap_outer.o)
    0x0800043e   0x00000012   Code   RO         4181    .text               c_w.l(exit.o)
    0x08000450   0x0000000c   Code   RO         4246    .text               c_w.l(sys_exit.o)
    0x0800045c   0x00000002   Code   RO         4265    .text               c_w.l(use_no_semi.o)
    0x0800045e   0x00000000   Code   RO         4267    .text               c_w.l(indicate_semi.o)
    0x0800045e   0x0000000a   Code   RO         3925    i.ABS               angle.o
    0x08000468   0x00000174   Code   RO         3967    i.All_Pid_Init      pid.o
    0x080005dc   0x0000005c   Code   RO         3926    i.Angle_Turn        angle.o
    0x08000638   0x00000100   Code   RO         3877    i.Arm_Out1          quick_clamping.o
    0x08000738   0x0000014c   Code   RO         3878    i.Arm_Out2          quick_clamping.o
    0x08000884   0x00000002   Code   RO          405    i.BusFault_Handler  stm32f4xx_it.o
    0x08000886   0x00000002   PAD
    0x08000888   0x0000000c   Code   RO          406    i.CAN1_RX0_IRQHandler  stm32f4xx_it.o
    0x08000894   0x0000000c   Code   RO          407    i.CAN2_RX0_IRQHandler  stm32f4xx_it.o
    0x080008a0   0x00000058   Code   RO         3450    i.CanFilter_Init    moto.o
    0x080008f8   0x0000006c   Code   RO         3594    i.ChassisData_processing  output_data.o
    0x08000964   0x0000001c   Code   RO         3777    i.Clamping_Control  clamping.o
    0x08000980   0x00000020   Code   RO         3778    i.Clamping_Off      clamping.o
    0x080009a0   0x00000020   Code   RO         3779    i.Clamping_On       clamping.o
    0x080009c0   0x00000020   Code   RO         3780    i.Clamping_Stop     clamping.o
    0x080009e0   0x000000e0   Code   RO         3407    i.Controller_handler  remote_control.o
    0x08000ac0   0x0000000c   Code   RO          408    i.DMA1_Stream6_IRQHandler  stm32f4xx_it.o
    0x08000acc   0x0000000c   Code   RO          409    i.DMA2_Stream1_IRQHandler  stm32f4xx_it.o
    0x08000ad8   0x0000000c   Code   RO          410    i.DMA2_Stream2_IRQHandler  stm32f4xx_it.o
    0x08000ae4   0x00000028   Code   RO         1336    i.DMA_CalcBaseAndBitshift  stm32f4xx_hal_dma.o
    0x08000b0c   0x00000054   Code   RO         1337    i.DMA_CheckFifoParam  stm32f4xx_hal_dma.o
    0x08000b60   0x00000028   Code   RO         1338    i.DMA_SetConfig     stm32f4xx_hal_dma.o
    0x08000b88   0x000000a8   Code   RO         3595    i.Data_Count        output_data.o
    0x08000c30   0x00000002   Code   RO          411    i.DebugMon_Handler  stm32f4xx_it.o
    0x08000c32   0x00000004   Code   RO           13    i.Error_Handler     main.o
    0x08000c36   0x00000002   PAD
    0x08000c38   0x00000028   Code   RO         3523    i.Gyro1_Init        gyroscope.o
    0x08000c60   0x00000090   Code   RO         3524    i.Gyro1_handler     gyroscope.o
    0x08000cf0   0x00000028   Code   RO         3525    i.Gyro2_Init        gyroscope.o
    0x08000d18   0x00000090   Code   RO         3526    i.Gyro2_handler     gyroscope.o
    0x08000da8   0x00000024   Code   RO          592    i.HAL_CAN_ActivateNotification  stm32f4xx_hal_can.o
    0x08000dcc   0x000000c8   Code   RO          593    i.HAL_CAN_AddTxMessage  stm32f4xx_hal_can.o
    0x08000e94   0x0000010c   Code   RO          594    i.HAL_CAN_ConfigFilter  stm32f4xx_hal_can.o
    0x08000fa0   0x00000002   Code   RO          597    i.HAL_CAN_ErrorCallback  stm32f4xx_hal_can.o
    0x08000fa2   0x000000e8   Code   RO          600    i.HAL_CAN_GetRxMessage  stm32f4xx_hal_can.o
    0x0800108a   0x000001fc   Code   RO          604    i.HAL_CAN_IRQHandler  stm32f4xx_hal_can.o
    0x08001286   0x0000011a   Code   RO          605    i.HAL_CAN_Init      stm32f4xx_hal_can.o
    0x080013a0   0x000000fc   Code   RO          219    i.HAL_CAN_MspInit   can.o
    0x0800149c   0x00000002   Code   RO          612    i.HAL_CAN_RxFifo0FullCallback  stm32f4xx_hal_can.o
    0x0800149e   0x00000002   PAD
    0x080014a0   0x000001d8   Code   RO         3451    i.HAL_CAN_RxFifo0MsgPendingCallback  moto.o
    0x08001678   0x00000002   Code   RO          614    i.HAL_CAN_RxFifo1FullCallback  stm32f4xx_hal_can.o
    0x0800167a   0x00000002   Code   RO          615    i.HAL_CAN_RxFifo1MsgPendingCallback  stm32f4xx_hal_can.o
    0x0800167c   0x00000002   Code   RO          616    i.HAL_CAN_SleepCallback  stm32f4xx_hal_can.o
    0x0800167e   0x00000002   PAD
    0x08001680   0x00000058   Code   RO          617    i.HAL_CAN_Start     stm32f4xx_hal_can.o
    0x080016d8   0x00000002   Code   RO          619    i.HAL_CAN_TxMailbox0AbortCallback  stm32f4xx_hal_can.o
    0x080016da   0x00000002   Code   RO          620    i.HAL_CAN_TxMailbox0CompleteCallback  stm32f4xx_hal_can.o
    0x080016dc   0x00000002   Code   RO          621    i.HAL_CAN_TxMailbox1AbortCallback  stm32f4xx_hal_can.o
    0x080016de   0x00000002   Code   RO          622    i.HAL_CAN_TxMailbox1CompleteCallback  stm32f4xx_hal_can.o
    0x080016e0   0x00000002   Code   RO          623    i.HAL_CAN_TxMailbox2AbortCallback  stm32f4xx_hal_can.o
    0x080016e2   0x00000002   Code   RO          624    i.HAL_CAN_TxMailbox2CompleteCallback  stm32f4xx_hal_can.o
    0x080016e4   0x00000002   Code   RO          626    i.HAL_CAN_WakeUpFromRxMsgCallback  stm32f4xx_hal_can.o
    0x080016e6   0x00000092   Code   RO         1339    i.HAL_DMA_Abort     stm32f4xx_hal_dma.o
    0x08001778   0x00000024   Code   RO         1340    i.HAL_DMA_Abort_IT  stm32f4xx_hal_dma.o
    0x0800179c   0x000001a0   Code   RO         1344    i.HAL_DMA_IRQHandler  stm32f4xx_hal_dma.o
    0x0800193c   0x000000d4   Code   RO         1345    i.HAL_DMA_Init      stm32f4xx_hal_dma.o
    0x08001a10   0x0000006e   Code   RO         1349    i.HAL_DMA_Start_IT  stm32f4xx_hal_dma.o
    0x08001a7e   0x00000002   PAD
    0x08001a80   0x00000234   Code   RO         1232    i.HAL_GPIO_Init     stm32f4xx_hal_gpio.o
    0x08001cb4   0x0000000a   Code   RO         1234    i.HAL_GPIO_ReadPin  stm32f4xx_hal_gpio.o
    0x08001cbe   0x0000000a   Code   RO         1236    i.HAL_GPIO_WritePin  stm32f4xx_hal_gpio.o
    0x08001cc8   0x0000000c   Code   RO         1784    i.HAL_GetTick       stm32f4xx_hal.o
    0x08001cd4   0x00000010   Code   RO         1790    i.HAL_IncTick       stm32f4xx_hal.o
    0x08001ce4   0x00000034   Code   RO         1791    i.HAL_Init          stm32f4xx_hal.o
    0x08001d18   0x00000040   Code   RO         1792    i.HAL_InitTick      stm32f4xx_hal.o
    0x08001d58   0x00000030   Code   RO          567    i.HAL_MspInit       stm32f4xx_hal_msp.o
    0x08001d88   0x0000001a   Code   RO         1639    i.HAL_NVIC_EnableIRQ  stm32f4xx_hal_cortex.o
    0x08001da2   0x00000002   PAD
    0x08001da4   0x00000040   Code   RO         1645    i.HAL_NVIC_SetPriority  stm32f4xx_hal_cortex.o
    0x08001de4   0x00000024   Code   RO         1646    i.HAL_NVIC_SetPriorityGrouping  stm32f4xx_hal_cortex.o
    0x08001e08   0x00000134   Code   RO          826    i.HAL_RCC_ClockConfig  stm32f4xx_hal_rcc.o
    0x08001f3c   0x00000020   Code   RO          833    i.HAL_RCC_GetPCLK1Freq  stm32f4xx_hal_rcc.o
    0x08001f5c   0x00000020   Code   RO          834    i.HAL_RCC_GetPCLK2Freq  stm32f4xx_hal_rcc.o
    0x08001f7c   0x00000064   Code   RO          835    i.HAL_RCC_GetSysClockFreq  stm32f4xx_hal_rcc.o
    0x08001fe0   0x0000036c   Code   RO          838    i.HAL_RCC_OscConfig  stm32f4xx_hal_rcc.o
    0x0800234c   0x00000028   Code   RO         1650    i.HAL_SYSTICK_Config  stm32f4xx_hal_cortex.o
    0x08002374   0x00000002   Code   RO         2745    i.HAL_TIMEx_BreakCallback  stm32f4xx_hal_tim_ex.o
    0x08002376   0x00000002   Code   RO         2746    i.HAL_TIMEx_CommutCallback  stm32f4xx_hal_tim_ex.o
    0x08002378   0x00000090   Code   RO         2764    i.HAL_TIMEx_MasterConfigSynchronization  stm32f4xx_hal_tim_ex.o
    0x08002408   0x0000005a   Code   RO         2041    i.HAL_TIM_Base_Init  stm32f4xx_hal_tim.o
    0x08002462   0x00000002   PAD
    0x08002464   0x00000078   Code   RO          292    i.HAL_TIM_Base_MspInit  tim.o
    0x080024dc   0x00000080   Code   RO         2046    i.HAL_TIM_Base_Start_IT  stm32f4xx_hal_tim.o
    0x0800255c   0x000000dc   Code   RO         2050    i.HAL_TIM_ConfigClockSource  stm32f4xx_hal_tim.o
    0x08002638   0x00000002   Code   RO         2075    i.HAL_TIM_IC_CaptureCallback  stm32f4xx_hal_tim.o
    0x0800263a   0x00000166   Code   RO         2089    i.HAL_TIM_IRQHandler  stm32f4xx_hal_tim.o
    0x080027a0   0x00000080   Code   RO          293    i.HAL_TIM_MspPostInit  tim.o
    0x08002820   0x00000002   Code   RO         2092    i.HAL_TIM_OC_DelayElapsedCallback  stm32f4xx_hal_tim.o
    0x08002822   0x000000cc   Code   RO         2113    i.HAL_TIM_PWM_ConfigChannel  stm32f4xx_hal_tim.o
    0x080028ee   0x0000005a   Code   RO         2116    i.HAL_TIM_PWM_Init  stm32f4xx_hal_tim.o
    0x08002948   0x00000002   Code   RO         2118    i.HAL_TIM_PWM_MspInit  stm32f4xx_hal_tim.o
    0x0800294a   0x00000002   Code   RO         2119    i.HAL_TIM_PWM_PulseFinishedCallback  stm32f4xx_hal_tim.o
    0x0800294c   0x000000c8   Code   RO         2121    i.HAL_TIM_PWM_Start  stm32f4xx_hal_tim.o
    0x08002a14   0x00000002   Code   RO         2127    i.HAL_TIM_PeriodElapsedCallback  stm32f4xx_hal_tim.o
    0x08002a16   0x00000002   Code   RO         2132    i.HAL_TIM_TriggerCallback  stm32f4xx_hal_tim.o
    0x08002a18   0x00000002   Code   RO         3023    i.HAL_UARTEx_RxEventCallback  stm32f4xx_hal_uart.o
    0x08002a1a   0x00000070   Code   RO         3035    i.HAL_UART_DMAStop  stm32f4xx_hal_uart.o
    0x08002a8a   0x00000002   Code   RO         3037    i.HAL_UART_ErrorCallback  stm32f4xx_hal_uart.o
    0x08002a8c   0x00000268   Code   RO         3040    i.HAL_UART_IRQHandler  stm32f4xx_hal_uart.o
    0x08002cf4   0x00000062   Code   RO         3041    i.HAL_UART_Init     stm32f4xx_hal_uart.o
    0x08002d56   0x00000002   PAD
    0x08002d58   0x00000204   Code   RO          352    i.HAL_UART_MspInit  usart.o
    0x08002f5c   0x0000002a   Code   RO         3045    i.HAL_UART_Receive_DMA  stm32f4xx_hal_uart.o
    0x08002f86   0x00000002   Code   RO         3047    i.HAL_UART_RxCpltCallback  stm32f4xx_hal_uart.o
    0x08002f88   0x00000002   Code   RO         3048    i.HAL_UART_RxHalfCpltCallback  stm32f4xx_hal_uart.o
    0x08002f8a   0x00000002   Code   RO         3052    i.HAL_UART_TxCpltCallback  stm32f4xx_hal_uart.o
    0x08002f8c   0x00000002   Code   RO          412    i.HardFault_Handler  stm32f4xx_it.o
    0x08002f8e   0x00000002   PAD
    0x08002f90   0x00000048   Code   RO         3527    i.IDLE_Gyro1_Handler  gyroscope.o
    0x08002fd8   0x00000048   Code   RO         3528    i.IDLE_Gyro2_Handler  gyroscope.o
    0x08003020   0x00000054   Code   RO         3408    i.IDLE_Handler      remote_control.o
    0x08003074   0x0000006c   Code   RO         3629    i.JointData_processing  joint.o
    0x080030e0   0x00000024   Code   RO         3630    i.Joint_Control     joint.o
    0x08003104   0x0000001a   Code   RO         3631    i.Joint_Direction   joint.o
    0x0800311e   0x00000002   PAD
    0x08003120   0x00000044   Code   RO         3632    i.Joint_Down        joint.o
    0x08003164   0x00000064   Code   RO         3633    i.Joint_Init        joint.o
    0x080031c8   0x00000044   Code   RO         3634    i.Joint_Stop        joint.o
    0x0800320c   0x00000044   Code   RO         3635    i.Joint_Up          joint.o
    0x08003250   0x0000003c   Code   RO         3698    i.Limit_Moto_No5    reset.o
    0x0800328c   0x00000044   Code   RO          220    i.MX_CAN1_Init      can.o
    0x080032d0   0x00000044   Code   RO          221    i.MX_CAN2_Init      can.o
    0x08003314   0x0000005c   Code   RO          267    i.MX_DMA_Init       dma.o
    0x08003370   0x00000150   Code   RO          194    i.MX_GPIO_Init      gpio.o
    0x080034c0   0x000000a8   Code   RO          294    i.MX_TIM2_Init      tim.o
    0x08003568   0x00000068   Code   RO          295    i.MX_TIM3_Init      tim.o
    0x080035d0   0x00000098   Code   RO          296    i.MX_TIM5_Init      tim.o
    0x08003668   0x00000038   Code   RO          353    i.MX_UART8_Init     usart.o
    0x080036a0   0x00000044   Code   RO          354    i.MX_USART1_UART_Init  usart.o
    0x080036e4   0x00000038   Code   RO          355    i.MX_USART6_UART_Init  usart.o
    0x0800371c   0x00000002   Code   RO          413    i.MemManage_Handler  stm32f4xx_it.o
    0x0800371e   0x00000002   PAD
    0x08003720   0x0000001c   Code   RO         3699    i.Moto5_Limit       reset.o
    0x0800373c   0x00000038   Code   RO         3452    i.Moto_Current_Output  moto.o
    0x08003774   0x00000048   Code   RO         3453    i.Moto_Current_Output2  moto.o
    0x080037bc   0x00000030   Code   RO         3454    i.Moto_Init         moto.o
    0x080037ec   0x00000002   Code   RO          414    i.NMI_Handler       stm32f4xx_it.o
    0x080037ee   0x00000062   Code   RO         3927    i.No8_Angle_Turn    angle.o
    0x08003850   0x00000002   Code   RO          415    i.PendSV_Handler    stm32f4xx_it.o
    0x08003852   0x00000002   PAD
    0x08003854   0x00000074   Code   RO         3737    i.Protect_Joint1    protect.o
    0x080038c8   0x00000078   Code   RO         3738    i.Protect_Joint2    protect.o
    0x08003940   0x0000009c   Code   RO         3739    i.Protect_RemoteControl  protect.o
    0x080039dc   0x00000028   Code   RO         3409    i.Remote_Control_Init  remote_control.o
    0x08003a04   0x0000001c   Code   RO         3455    i.Rx_Moto_Init      moto.o
    0x08003a20   0x0000001c   Code   RO         3456    i.Rx_Moto_Init2     moto.o
    0x08003a3c   0x00000002   Code   RO          416    i.SVC_Handler       stm32f4xx_it.o
    0x08003a3e   0x00000004   Code   RO          417    i.SysTick_Handler   stm32f4xx_it.o
    0x08003a42   0x00000002   PAD
    0x08003a44   0x00000094   Code   RO           14    i.SystemClock_Config  main.o
    0x08003ad8   0x00000010   Code   RO         3370    i.SystemInit        system_stm32f4xx.o
    0x08003ae8   0x00000234   Code   RO          418    i.TIM2_IRQHandler   stm32f4xx_it.o
    0x08003d1c   0x0000000c   Code   RO          419    i.TIM3_IRQHandler   stm32f4xx_it.o
    0x08003d28   0x000000c8   Code   RO         2134    i.TIM_Base_SetConfig  stm32f4xx_hal_tim.o
    0x08003df0   0x0000001a   Code   RO         2135    i.TIM_CCxChannelCmd  stm32f4xx_hal_tim.o
    0x08003e0a   0x00000014   Code   RO         2145    i.TIM_ETR_SetConfig  stm32f4xx_hal_tim.o
    0x08003e1e   0x00000010   Code   RO         2146    i.TIM_ITRx_SetConfig  stm32f4xx_hal_tim.o
    0x08003e2e   0x00000002   PAD
    0x08003e30   0x00000060   Code   RO         2147    i.TIM_OC1_SetConfig  stm32f4xx_hal_tim.o
    0x08003e90   0x0000006c   Code   RO         2148    i.TIM_OC2_SetConfig  stm32f4xx_hal_tim.o
    0x08003efc   0x00000068   Code   RO         2149    i.TIM_OC3_SetConfig  stm32f4xx_hal_tim.o
    0x08003f64   0x00000050   Code   RO         2150    i.TIM_OC4_SetConfig  stm32f4xx_hal_tim.o
    0x08003fb4   0x00000022   Code   RO         2152    i.TIM_TI1_ConfigInputStage  stm32f4xx_hal_tim.o
    0x08003fd6   0x00000024   Code   RO         2154    i.TIM_TI2_ConfigInputStage  stm32f4xx_hal_tim.o
    0x08003ffa   0x00000002   PAD
    0x08003ffc   0x00000030   Code   RO         3457    i.Tx_Moto_Init      moto.o
    0x0800402c   0x00000014   Code   RO          420    i.UART8_IRQHandler  stm32f4xx_it.o
    0x08004040   0x00000010   Code   RO         3054    i.UART_DMAAbortOnError  stm32f4xx_hal_uart.o
    0x08004050   0x0000004a   Code   RO         3055    i.UART_DMAError     stm32f4xx_hal_uart.o
    0x0800409a   0x00000082   Code   RO         3056    i.UART_DMAReceiveCplt  stm32f4xx_hal_uart.o
    0x0800411c   0x0000001a   Code   RO         3058    i.UART_DMARxHalfCplt  stm32f4xx_hal_uart.o
    0x08004136   0x0000004e   Code   RO         3064    i.UART_EndRxTransfer  stm32f4xx_hal_uart.o
    0x08004184   0x0000001c   Code   RO         3065    i.UART_EndTxTransfer  stm32f4xx_hal_uart.o
    0x080041a0   0x000000c0   Code   RO         3066    i.UART_Receive_IT   stm32f4xx_hal_uart.o
    0x08004260   0x0000010c   Code   RO         3067    i.UART_SetConfig    stm32f4xx_hal_uart.o
    0x0800436c   0x00000090   Code   RO         3068    i.UART_Start_Receive_DMA  stm32f4xx_hal_uart.o
    0x080043fc   0x00000014   Code   RO          421    i.USART1_IRQHandler  stm32f4xx_it.o
    0x08004410   0x00000014   Code   RO          422    i.USART6_IRQHandler  stm32f4xx_it.o
    0x08004424   0x00000002   Code   RO          423    i.UsageFault_Handler  stm32f4xx_it.o
    0x08004426   0x00000012   Code   RO         3969    i.WZPid_Init        pid.o
    0x08004438   0x000000a2   Code   RO         3970    i.ZLPid             pid.o
    0x080044da   0x0000000e   Code   RO         3971    i.ZLPid_Init        pid.o
    0x080044e8   0x00000030   Code   RO         4174    i.__ARM_fpclassify  m_wm.l(fpclassify.o)
    0x08004518   0x00000020   Code   RO         1652    i.__NVIC_SetPriority  stm32f4xx_hal_cortex.o
    0x08004538   0x00000358   Code   RO         4053    i.__hardfp_acos     m_wm.l(acos.o)
    0x08004890   0x000002d8   Code   RO         4113    i.__hardfp_atan     m_wm.l(atan.o)
    0x08004b68   0x000001f0   Code   RO         4067    i.__hardfp_atan2    m_wm.l(atan2.o)
    0x08004d58   0x0000007a   Code   RO         4079    i.__hardfp_sqrt     m_wm.l(sqrt.o)
    0x08004dd2   0x000000f8   Code   RO         4147    i.__kernel_poly     m_wm.l(poly.o)
    0x08004eca   0x00000014   Code   RO         4128    i.__mathlib_dbl_infnan  m_wm.l(dunder.o)
    0x08004ede   0x00000014   Code   RO         4129    i.__mathlib_dbl_infnan2  m_wm.l(dunder.o)
    0x08004ef2   0x00000006   PAD
    0x08004ef8   0x00000020   Code   RO         4130    i.__mathlib_dbl_invalid  m_wm.l(dunder.o)
    0x08004f18   0x00000020   Code   RO         4133    i.__mathlib_dbl_underflow  m_wm.l(dunder.o)
    0x08004f38   0x00000010   Code   RO         4115    i.atan              m_wm.l(atan.o)
    0x08004f48   0x00000018   Code   RO         4143    i.fabs              m_wm.l(fabs.o)
    0x08004f60   0x00000088   Code   RO           15    i.main              main.o
    0x08004fe8   0x0000002c   Code   RO         3781    i.rotate            clamping.o
    0x08005014   0x00000034   Code   RO         3782    i.rotate_limit      clamping.o
    0x08005048   0x0000006e   Code   RO         4081    i.sqrt              m_wm.l(sqrt.o)
    0x080050b6   0x00000002   PAD
    0x080050b8   0x00000030   Code   RO         3636    i.synchronization   joint.o
    0x080050e8   0x00000018   Code   RO         4098    x$fpl$basic         fz_wm.l(basic.o)
    0x08005100   0x00000062   Code   RO         4027    x$fpl$d2f           fz_wm.l(d2f.o)
    0x08005162   0x00000002   PAD
    0x08005164   0x00000150   Code   RO         4029    x$fpl$dadd          fz_wm.l(daddsub_clz.o)
    0x080052b4   0x000002b0   Code   RO         4036    x$fpl$ddiv          fz_wm.l(ddiv.o)
    0x08005564   0x0000005e   Code   RO         4039    x$fpl$dfix          fz_wm.l(dfix.o)
    0x080055c2   0x0000002e   Code   RO         4044    x$fpl$dflt          fz_wm.l(dflt_clz.o)
    0x080055f0   0x00000154   Code   RO         4049    x$fpl$dmul          fz_wm.l(dmul.o)
    0x08005744   0x0000009c   Code   RO         4102    x$fpl$dnaninf       fz_wm.l(dnaninf.o)
    0x080057e0   0x0000000c   Code   RO         4104    x$fpl$dretinf       fz_wm.l(dretinf.o)
    0x080057ec   0x00000016   Code   RO         4030    x$fpl$drsb          fz_wm.l(daddsub_clz.o)
    0x08005802   0x00000002   PAD
    0x08005804   0x00000198   Code   RO         4106    x$fpl$dsqrt         fz_wm.l(dsqrt_umaal.o)
    0x0800599c   0x000001d4   Code   RO         4031    x$fpl$dsub          fz_wm.l(daddsub_clz.o)
    0x08005b70   0x00000056   Code   RO         4051    x$fpl$f2d           fz_wm.l(f2d.o)
    0x08005bc6   0x0000008c   Code   RO         4108    x$fpl$fnaninf       fz_wm.l(fnaninf.o)
    0x08005c52   0x0000000a   Code   RO         4261    x$fpl$fpinit        fz_wm.l(fpinit.o)
    0x08005c5c   0x0000000a   Code   RO         4110    x$fpl$fretinf       fz_wm.l(fretinf.o)
    0x08005c66   0x00000000   Code   RO         4112    x$fpl$usenofp       fz_wm.l(usenofp.o)
    0x08005c66   0x00000008   Data   RO         1351    .constdata          stm32f4xx_hal_dma.o
    0x08005c6e   0x00000010   Data   RO         3371    .constdata          system_stm32f4xx.o
    0x08005c7e   0x00000008   Data   RO         3372    .constdata          system_stm32f4xx.o
    0x08005c86   0x00000002   PAD
    0x08005c88   0x00000050   Data   RO         4056    .constdata          m_wm.l(acos.o)
    0x08005cd8   0x00000098   Data   RO         4116    .constdata          m_wm.l(atan.o)
    0x08005d70   0x00000008   Data   RO         4149    .constdata          m_wm.l(qnan.o)
    0x08005d78   0x00000020   Data   RO         4317    Region$$Table       anon$$obj.o


    Execution Region RW_IRAM2 (Base: 0x10000000, Size: 0x00000000, Max: 0x00010000, ABSOLUTE)

    **** No section assigned to this execution region ****


    Execution Region RW_IRAM1 (Base: 0x20000000, Size: 0x00000d90, Max: 0x00030000, ABSOLUTE)

    Base Addr    Size         Type   Attr      Idx    E Section Name        Object

    0x20000000   0x00000004   Data   RW          223    .data               can.o
    0x20000004   0x00000008   Data   RW          425    .data               stm32f4xx_it.o
    0x2000000c   0x0000000c   Data   RW         1798    .data               stm32f4xx_hal.o
    0x20000018   0x00000004   Data   RW         3373    .data               system_stm32f4xx.o
    0x2000001c   0x00000004   Data   RW         3411    .data               remote_control.o
    0x20000020   0x0000002c   Data   RW         3459    .data               moto.o
    0x2000004c   0x00000008   Data   RW         3598    .data               output_data.o
    0x20000054   0x00000002   Data   RW         3637    .data               joint.o
    0x20000056   0x00000002   PAD
    0x20000058   0x00000004   Data   RW         3701    .data               reset.o
    0x2000005c   0x00000008   Data   RW         3740    .data               protect.o
    0x20000064   0x00000050   Zero   RW          222    .bss                can.o
    0x200000b4   0x000000d8   Zero   RW          297    .bss                tim.o
    0x2000018c   0x000001ec   Zero   RW          356    .bss                usart.o
    0x20000378   0x0000005a   Zero   RW         3410    .bss                remote_control.o
    0x200003d2   0x00000002   PAD
    0x200003d4   0x00000128   Zero   RW         3458    .bss                moto.o
    0x200004fc   0x00000044   Zero   RW         3529    .bss                gyroscope.o
    0x20000540   0x00000038   Zero   RW         3928    .bss                angle.o
    0x20000578   0x000001b8   Zero   RW         3972    .bss                pid.o
    0x20000730   0x00000060   Zero   RW         4177    .bss                c_w.l(libspace.o)
    0x20000790   0x00000200   Zero   RW            2    HEAP                startup_stm32f427xx.o
    0x20000990   0x00000400   Zero   RW            1    STACK               startup_stm32f427xx.o


==============================================================================

Image component sizes


      Code (inc. data)   RO Data    RW Data    ZI Data      Debug   Object Name

       200          0          0          0         56       2760   angle.o
       388         40          0          4         80       2454   can.o
       220         30          0          0          0       3192   clamping.o
        92          4          0          0          0        822   dma.o
       336         24          0          0          0       1163   gpio.o
       512         84          0          0         68       4333   gyroscope.o
       522         74          0          2          0       4600   joint.o
       288         28          0          0          0     753483   main.o
       840        100          0         44        296       6442   moto.o
       276         26          0          8          0       1522   output_data.o
       566         34          0          0        440       3945   pid.o
       392         42          0          8          0       1966   protect.o
       588         64          0          0          0       1902   quick_clamping.o
       348         32          0          4         90       3385   remote_control.o
        88         24          0          4          0       1193   reset.o
        64         26        428          0       1536        840   startup_stm32f427xx.o
       144         24          0         12          0       8901   stm32f4xx_hal.o
      1638          6          0          0          0      14207   stm32f4xx_hal_can.o
       198         14          0          0          0      33935   stm32f4xx_hal_cortex.o
      1084         16          8          0          0       7322   stm32f4xx_hal_dma.o
       584         54          0          0          0       2851   stm32f4xx_hal_gpio.o
        48          6          0          0          0        850   stm32f4xx_hal_msp.o
      1348         76          0          0          0       5216   stm32f4xx_hal_rcc.o
      2022        136          0          0          0      17394   stm32f4xx_hal_tim.o
       148         28          0          0          0       2441   stm32f4xx_hal_tim_ex.o
      1834         30          0          0          0      13745   stm32f4xx_hal_uart.o
       716         98          0          8          0       9464   stm32f4xx_it.o
        16          4         24          4          0       1115   system_stm32f4xx.o
       672         50          0          0        216       3954   tim.o
       696         70          0          0        492       3394   usart.o

    ----------------------------------------------------------------------
     16898       1244        494        100       3276     918791   Object Totals
         0          0         32          0          0          0   (incl. Generated)
        30          0          2          2          2          0   (incl. Padding)

    ----------------------------------------------------------------------

      Code (inc. data)   RO Data    RW Data    ZI Data      Debug   Library Member Name

         8          0          0          0          0         68   __main.o
         0          0          0          0          0          0   __rtentry.o
        12          0          0          0          0          0   __rtentry2.o
         6          0          0          0          0          0   __rtentry4.o
        52          8          0          0          0          0   __scatter.o
        26          0          0          0          0          0   __scatter_copy.o
        28          0          0          0          0          0   __scatter_zi.o
        22          0          0          0          0        100   _rserrno.o
        18          0          0          0          0         80   exit.o
         6          0          0          0          0        152   heapauxi.o
         0          0          0          0          0          0   indicate_semi.o
         2          0          0          0          0          0   libinit.o
         6          0          0          0          0          0   libinit2.o
         2          0          0          0          0          0   libshutdown.o
         2          0          0          0          0          0   libshutdown2.o
         8          4          0          0         96         68   libspace.o
       238          0          0          0          0        100   lludivv7m.o
         8          4          0          0          0         68   rt_errno_addr_intlibspace.o
        78          0          0          0          0         80   rt_memclr_w.o
         2          0          0          0          0          0   rtexit.o
        10          0          0          0          0          0   rtexit2.o
        12          4          0          0          0         68   sys_exit.o
        74          0          0          0          0         80   sys_stackheap_outer.o
         2          0          0          0          0         68   use_no_semi.o
        24          0          0          0          0        164   basic.o
        98          4          0          0          0        140   d2f.o
       826         16          0          0          0        492   daddsub_clz.o
       688        140          0          0          0        256   ddiv.o
        94          4          0          0          0        140   dfix.o
        46          0          0          0          0        116   dflt_clz.o
       340         12          0          0          0        152   dmul.o
       156          4          0          0          0        140   dnaninf.o
        12          0          0          0          0        116   dretinf.o
       408         56          0          0          0        168   dsqrt_umaal.o
        86          4          0          0          0        132   f2d.o
       140          4          0          0          0        132   fnaninf.o
        10          0          0          0          0        116   fpinit.o
        10          0          0          0          0        116   fretinf.o
         0          0          0          0          0          0   usenofp.o
       856        118         80          0          0        288   acos.o
       744        106        152          0          0        352   atan.o
       496         64          0          0          0        192   atan2.o
       104         16          0          0          0        496   dunder.o
        24          0          0          0          0        124   fabs.o
        48          0          0          0          0        124   fpclassify.o
       248          0          0          0          0        152   poly.o
         0          0          8          0          0          0   qnan.o
       232          0          0          0          0        296   sqrt.o

    ----------------------------------------------------------------------
      6328        568        240          0         96       5336   Library Totals
        16          0          0          0          0          0   (incl. Padding)

    ----------------------------------------------------------------------

      Code (inc. data)   RO Data    RW Data    ZI Data      Debug   Library Name

       622         20          0          0         96        932   c_w.l
      2938        244          0          0          0       2380   fz_wm.l
      2752        304        240          0          0       2024   m_wm.l

    ----------------------------------------------------------------------
      6328        568        240          0         96       5336   Library Totals

    ----------------------------------------------------------------------

==============================================================================


      Code (inc. data)   RO Data    RW Data    ZI Data      Debug   

     23226       1812        734        100       3372     904763   Grand Totals
     23226       1812        734        100       3372     904763   ELF Image Totals
     23226       1812        734        100          0          0   ROM Totals

==============================================================================

    Total RO  Size (Code + RO Data)                23960 (  23.40kB)
    Total RW  Size (RW Data + ZI Data)              3472 (   3.39kB)
    Total ROM Size (Code + RO Data + RW Data)      24060 (  23.50kB)

==============================================================================

